Component: Arm Compiler for Embedded 6.19 Tool: armlink [5e73cb00]

==============================================================================

Section Cross References

    startup_stm32f103xb.o(RESET) refers to startup_stm32f103xb.o(STACK) for __initial_sp
    startup_stm32f103xb.o(RESET) refers to startup_stm32f103xb.o(.text) for Reset_Handler
    startup_stm32f103xb.o(RESET) refers to stm32f1xx_it.o(.text.NMI_Handler) for NMI_Handler
    startup_stm32f103xb.o(RESET) refers to stm32f1xx_it.o(.text.HardFault_Handler) for HardFault_Handler
    startup_stm32f103xb.o(RESET) refers to stm32f1xx_it.o(.text.MemManage_Handler) for MemManage_Handler
    startup_stm32f103xb.o(RESET) refers to stm32f1xx_it.o(.text.BusFault_Handler) for BusFault_Handler
    startup_stm32f103xb.o(RESET) refers to stm32f1xx_it.o(.text.UsageFault_Handler) for UsageFault_Handler
    startup_stm32f103xb.o(RESET) refers to stm32f1xx_it.o(.text.SVC_Handler) for SVC_Handler
    startup_stm32f103xb.o(RESET) refers to stm32f1xx_it.o(.text.DebugMon_Handler) for DebugMon_Handler
    startup_stm32f103xb.o(RESET) refers to stm32f1xx_it.o(.text.PendSV_Handler) for PendSV_Handler
    startup_stm32f103xb.o(RESET) refers to stm32f1xx_it.o(.text.SysTick_Handler) for SysTick_Handler
    startup_stm32f103xb.o(RESET) refers to stm32f1xx_it.o(.text.USART3_IRQHandler) for USART3_IRQHandler
    startup_stm32f103xb.o(.text) refers to system_stm32f1xx.o(.text.SystemInit) for SystemInit
    startup_stm32f103xb.o(.text) refers to entry.o(.ARM.Collect$$$$00000000) for __main
    my_esp8266.o(.text.esp8266_test) refers to my_esp8266.o(.rodata.str1.1) for .L.str
    my_esp8266.o(.text.esp8266_test) refers to my_esp8266.o(.text.esp8266_send_cmd) for esp8266_send_cmd
    my_esp8266.o(.ARM.exidx.text.esp8266_test) refers to my_esp8266.o(.text.esp8266_test) for [Anonymous Symbol]
    my_esp8266.o(.text.esp8266_send_cmd) refers to memseta.o(.text) for __aeabi_memclr4
    my_esp8266.o(.text.esp8266_send_cmd) refers to usart.o(.bss.huart3) for huart3
    my_esp8266.o(.text.esp8266_send_cmd) refers to stm32f1xx_hal_uart.o(.text.HAL_UART_Transmit) for HAL_UART_Transmit
    my_esp8266.o(.text.esp8266_send_cmd) refers to stm32f1xx_hal_uart.o(.text.HAL_UART_GetState) for HAL_UART_GetState
    my_esp8266.o(.text.esp8266_send_cmd) refers to main.o(.bss.RxBuffer) for RxBuffer
    my_esp8266.o(.text.esp8266_send_cmd) refers to stm32f1xx_hal.o(.text.HAL_Delay) for HAL_Delay
    my_esp8266.o(.text.esp8266_send_cmd) refers to strstr.o(.text) for strstr
    my_esp8266.o(.text.esp8266_send_cmd) refers to main.o(.bss..L_MergedGlobals) for Uart3_Rx_Cnt
    my_esp8266.o(.ARM.exidx.text.esp8266_send_cmd) refers to my_esp8266.o(.text.esp8266_send_cmd) for [Anonymous Symbol]
    my_esp8266.o(.text.u2_printf) refers to memseta.o(.text) for __aeabi_memclr4
    my_esp8266.o(.text.u2_printf) refers to usart.o(.bss.huart3) for huart3
    my_esp8266.o(.text.u2_printf) refers to stm32f1xx_hal_uart.o(.text.HAL_UART_Transmit) for HAL_UART_Transmit
    my_esp8266.o(.text.u2_printf) refers to stm32f1xx_hal_uart.o(.text.HAL_UART_GetState) for HAL_UART_GetState
    my_esp8266.o(.ARM.exidx.text.u2_printf) refers to my_esp8266.o(.text.u2_printf) for [Anonymous Symbol]
    my_esp8266.o(.text.esp8266_start_trans) refers to my_esp8266.o(.rodata.str1.1) for .L.str.1
    my_esp8266.o(.text.esp8266_start_trans) refers to my_esp8266.o(.text.esp8266_send_cmd) for esp8266_send_cmd
    my_esp8266.o(.text.esp8266_start_trans) refers to stm32f1xx_hal.o(.text.HAL_Delay) for HAL_Delay
    my_esp8266.o(.ARM.exidx.text.esp8266_start_trans) refers to my_esp8266.o(.text.esp8266_start_trans) for [Anonymous Symbol]
    my_esp8266.o(.text.esp8266_quit_trans) refers to memseta.o(.text) for __aeabi_memclr
    my_esp8266.o(.text.esp8266_quit_trans) refers to usart.o(.bss.huart3) for huart3
    my_esp8266.o(.text.esp8266_quit_trans) refers to stm32f1xx_hal_uart.o(.text.HAL_UART_Transmit) for HAL_UART_Transmit
    my_esp8266.o(.text.esp8266_quit_trans) refers to stm32f1xx_hal_uart.o(.text.HAL_UART_GetState) for HAL_UART_GetState
    my_esp8266.o(.text.esp8266_quit_trans) refers to stm32f1xx_hal.o(.text.HAL_Delay) for HAL_Delay
    my_esp8266.o(.text.esp8266_quit_trans) refers to my_esp8266.o(.rodata.str1.1) for .L.str
    my_esp8266.o(.text.esp8266_quit_trans) refers to my_esp8266.o(.text.esp8266_send_cmd) for esp8266_send_cmd
    my_esp8266.o(.ARM.exidx.text.esp8266_quit_trans) refers to my_esp8266.o(.text.esp8266_quit_trans) for [Anonymous Symbol]
    main.o(.text.Esp8266) refers to main.o(.bss..L_MergedGlobals) for .L_MergedGlobals
    main.o(.text.Esp8266) refers to main.o(.rodata.str1.1) for .L.str
    main.o(.text.Esp8266) refers to strstr.o(.text) for strstr
    main.o(.text.Esp8266) refers to main.o(.bss.RxBuffer) for RxBuffer
    main.o(.text.Esp8266) refers to memseta.o(.text) for __aeabi_memclr4
    main.o(.text.Esp8266) refers to stm32f1xx_hal_gpio.o(.text.HAL_GPIO_WritePin) for HAL_GPIO_WritePin
[...]
    stm32f1xx_hal_rcc.o(.text.HAL_RCC_MCOConfig) refers to stm32f1xx_hal_gpio.o(.text.HAL_GPIO_Init) for HAL_GPIO_Init
    stm32f1xx_hal_rcc.o(.ARM.exidx.text.HAL_RCC_MCOConfig) refers to stm32f1xx_hal_rcc.o(.text.HAL_RCC_MCOConfig) for [Anonymous Symbol]
    stm32f1xx_hal_rcc.o(.ARM.exidx.text.HAL_RCC_EnableCSS) refers to stm32f1xx_hal_rcc.o(.text.HAL_RCC_EnableCSS) for [Anonymous Symbol]
    stm32f1xx_hal_rcc.o(.ARM.exidx.text.HAL_RCC_DisableCSS) refers to stm32f1xx_hal_rcc.o(.text.HAL_RCC_DisableCSS) for [Anonymous Symbol]
    stm32f1xx_hal_rcc.o(.text.HAL_RCC_GetHCLKFreq) refers to system_stm32f1xx.o(.data.SystemCoreClock) for SystemCoreClock
    stm32f1xx_hal_rcc.o(.ARM.exidx.text.HAL_RCC_GetHCLKFreq) refers to stm32f1xx_hal_rcc.o(.text.HAL_RCC_GetHCLKFreq) for [Anonymous Symbol]
    stm32f1xx_hal_rcc.o(.text.HAL_RCC_GetPCLK1Freq) refers to system_stm32f1xx.o(.data.SystemCoreClock) for SystemCoreClock
    stm32f1xx_hal_rcc.o(.text.HAL_RCC_GetPCLK1Freq) refers to system_stm32f1xx.o(.rodata.APBPrescTable) for APBPrescTable
    stm32f1xx_hal_rcc.o(.ARM.exidx.text.HAL_RCC_GetPCLK1Freq) refers to stm32f1xx_hal_rcc.o(.text.HAL_RCC_GetPCLK1Freq) for [Anonymous Symbol]
    stm32f1xx_hal_rcc.o(.text.HAL_RCC_GetPCLK2Freq) refers to system_stm32f1xx.o(.data.SystemCoreClock) for SystemCoreClock
    stm32f1xx_hal_rcc.o(.text.HAL_RCC_GetPCLK2Freq) refers to system_stm32f1xx.o(.rodata.APBPrescTable) for APBPrescTable
    stm32f1xx_hal_rcc.o(.ARM.exidx.text.HAL_RCC_GetPCLK2Freq) refers to stm32f1xx_hal_rcc.o(.text.HAL_RCC_GetPCLK2Freq) for [Anonymous Symbol]
    stm32f1xx_hal_rcc.o(.ARM.exidx.text.HAL_RCC_GetOscConfig) refers to stm32f1xx_hal_rcc.o(.text.HAL_RCC_GetOscConfig) for [Anonymous Symbol]
    stm32f1xx_hal_rcc.o(.ARM.exidx.text.HAL_RCC_GetClockConfig) refers to stm32f1xx_hal_rcc.o(.text.HAL_RCC_GetClockConfig) for [Anonymous Symbol]
    stm32f1xx_hal_rcc.o(.text.HAL_RCC_NMI_IRQHandler) refers to stm32f1xx_hal_rcc.o(.text.HAL_RCC_CSSCallback) for HAL_RCC_CSSCallback
    stm32f1xx_hal_rcc.o(.ARM.exidx.text.HAL_RCC_NMI_IRQHandler) refers to stm32f1xx_hal_rcc.o(.text.HAL_RCC_NMI_IRQHandler) for [Anonymous Symbol]
    stm32f1xx_hal_rcc.o(.ARM.exidx.text.HAL_RCC_CSSCallback) refers to stm32f1xx_hal_rcc.o(.text.HAL_RCC_CSSCallback) for [Anonymous Symbol]
    stm32f1xx_hal_rcc_ex.o(.text.HAL_RCCEx_PeriphCLKConfig) refers to stm32f1xx_hal.o(.text.HAL_GetTick) for HAL_GetTick
    stm32f1xx_hal_rcc_ex.o(.ARM.exidx.text.HAL_RCCEx_PeriphCLKConfig) refers to stm32f1xx_hal_rcc_ex.o(.text.HAL_RCCEx_PeriphCLKConfig) for [Anonymous Symbol]
    stm32f1xx_hal_rcc_ex.o(.ARM.exidx.text.HAL_RCCEx_GetPeriphCLKConfig) refers to stm32f1xx_hal_rcc_ex.o(.text.HAL_RCCEx_GetPeriphCLKConfig) for [Anonymous Symbol]
    stm32f1xx_hal_rcc_ex.o(.text.HAL_RCCEx_GetPeriphCLKFreq) refers to stm32f1xx_hal_rcc.o(.text.HAL_RCC_GetPCLK2Freq) for HAL_RCC_GetPCLK2Freq
    stm32f1xx_hal_rcc_ex.o(.ARM.exidx.text.HAL_RCCEx_GetPeriphCLKFreq) refers to stm32f1xx_hal_rcc_ex.o(.text.HAL_RCCEx_GetPeriphCLKFreq) for [Anonymous Symbol]
    stm32f1xx_hal_gpio.o(.ARM.exidx.text.HAL_GPIO_Init) refers to stm32f1xx_hal_gpio.o(.text.HAL_GPIO_Init) for [Anonymous Symbol]
    stm32f1xx_hal_gpio.o(.ARM.exidx.text.HAL_GPIO_DeInit) refers to stm32f1xx_hal_gpio.o(.text.HAL_GPIO_DeInit) for [Anonymous Symbol]
    stm32f1xx_hal_gpio.o(.ARM.exidx.text.HAL_GPIO_ReadPin) refers to stm32f1xx_hal_gpio.o(.text.HAL_GPIO_ReadPin) for [Anonymous Symbol]
    stm32f1xx_hal_gpio.o(.ARM.exidx.text.HAL_GPIO_WritePin) refers to stm32f1xx_hal_gpio.o(.text.HAL_GPIO_WritePin) for [Anonymous Symbol]
    stm32f1xx_hal_gpio.o(.ARM.exidx.text.HAL_GPIO_TogglePin) refers to stm32f1xx_hal_gpio.o(.text.HAL_GPIO_TogglePin) for [Anonymous Symbol]
    stm32f1xx_hal_gpio.o(.ARM.exidx.text.HAL_GPIO_LockPin) refers to stm32f1xx_hal_gpio.o(.text.HAL_GPIO_LockPin) for [Anonymous Symbol]
    stm32f1xx_hal_gpio.o(.text.HAL_GPIO_EXTI_IRQHandler) refers to stm32f1xx_hal_gpio.o(.text.HAL_GPIO_EXTI_Callback) for HAL_GPIO_EXTI_Callback
    stm32f1xx_hal_gpio.o(.ARM.exidx.text.HAL_GPIO_EXTI_IRQHandler) refers to stm32f1xx_hal_gpio.o(.text.HAL_GPIO_EXTI_IRQHandler) for [Anonymous Symbol]
    stm32f1xx_hal_gpio.o(.ARM.exidx.text.HAL_GPIO_EXTI_Callback) refers to stm32f1xx_hal_gpio.o(.text.HAL_GPIO_EXTI_Callback) for [Anonymous Symbol]
    stm32f1xx_hal_dma.o(.ARM.exidx.text.HAL_DMA_Init) refers to stm32f1xx_hal_dma.o(.text.HAL_DMA_Init) for [Anonymous Symbol]
    stm32f1xx_hal_dma.o(.ARM.exidx.text.HAL_DMA_DeInit) refers to stm32f1xx_hal_dma.o(.text.HAL_DMA_DeInit) for [Anonymous Symbol]
    stm32f1xx_hal_dma.o(.ARM.exidx.text.HAL_DMA_Start) refers to stm32f1xx_hal_dma.o(.text.HAL_DMA_Start) for [Anonymous Symbol]
    stm32f1xx_hal_dma.o(.ARM.exidx.text.HAL_DMA_Start_IT) refers to stm32f1xx_hal_dma.o(.text.HAL_DMA_Start_IT) for [Anonymous Symbol]
    stm32f1xx_hal_dma.o(.ARM.exidx.text.HAL_DMA_Abort) refers to stm32f1xx_hal_dma.o(.text.HAL_DMA_Abort) for [Anonymous Symbol]
    stm32f1xx_hal_dma.o(.ARM.exidx.text.HAL_DMA_Abort_IT) refers to stm32f1xx_hal_dma.o(.text.HAL_DMA_Abort_IT) for [Anonymous Symbol]
    stm32f1xx_hal_dma.o(.text.HAL_DMA_PollForTransfer) refers to stm32f1xx_hal.o(.text.HAL_GetTick) for HAL_GetTick
    stm32f1xx_hal_dma.o(.ARM.exidx.text.HAL_DMA_PollForTransfer) refers to stm32f1xx_hal_dma.o(.text.HAL_DMA_PollForTransfer) for [Anonymous Symbol]
    stm32f1xx_hal_dma.o(.ARM.exidx.text.HAL_DMA_IRQHandler) refers to stm32f1xx_hal_dma.o(.text.HAL_DMA_IRQHandler) for [Anonymous Symbol]
    stm32f1xx_hal_dma.o(.ARM.exidx.text.HAL_DMA_RegisterCallback) refers to stm32f1xx_hal_dma.o(.text.HAL_DMA_RegisterCallback) for [Anonymous Symbol]
    stm32f1xx_hal_dma.o(.ARM.exidx.text.HAL_DMA_UnRegisterCallback) refers to stm32f1xx_hal_dma.o(.text.HAL_DMA_UnRegisterCallback) for [Anonymous Symbol]
    stm32f1xx_hal_dma.o(.ARM.exidx.text.HAL_DMA_GetState) refers to stm32f1xx_hal_dma.o(.text.HAL_DMA_GetState) for [Anonymous Symbol]
    stm32f1xx_hal_dma.o(.ARM.exidx.text.HAL_DMA_GetError) refers to stm32f1xx_hal_dma.o(.text.HAL_DMA_GetError) for [Anonymous Symbol]
    stm32f1xx_hal_cortex.o(.ARM.exidx.text.HAL_NVIC_SetPriorityGrouping) refers to stm32f1xx_hal_cortex.o(.text.HAL_NVIC_SetPriorityGrouping) for [Anonymous Symbol]
    stm32f1xx_hal_cortex.o(.ARM.exidx.text.HAL_NVIC_SetPriority) refers to stm32f1xx_hal_cortex.o(.text.HAL_NVIC_SetPriority) for [Anonymous Symbol]
    stm32f1xx_hal_cortex.o(.ARM.exidx.text.HAL_NVIC_EnableIRQ) refers to stm32f1xx_hal_cortex.o(.text.HAL_NVIC_EnableIRQ) for [Anonymous Symbol]
    stm32f1xx_hal_cortex.o(.ARM.exidx.text.HAL_NVIC_DisableIRQ) refers to stm32f1xx_hal_cortex.o(.text.HAL_NVIC_DisableIRQ) for [Anonymous Symbol]
    stm32f1xx_hal_cortex.o(.text.HAL_NVIC_SystemReset) refers to stm32f1xx_hal_cortex.o(.text.__NVIC_SystemReset) for __NVIC_SystemReset
    stm32f1xx_hal_cortex.o(.ARM.exidx.text.HAL_NVIC_SystemReset) refers to stm32f1xx_hal_cortex.o(.text.HAL_NVIC_SystemReset) for [Anonymous Symbol]
    stm32f1xx_hal_cortex.o(.ARM.exidx.text.__NVIC_SystemReset) refers to stm32f1xx_hal_cortex.o(.text.__NVIC_SystemReset) for [Anonymous Symbol]
    stm32f1xx_hal_cortex.o(.ARM.exidx.text.HAL_SYSTICK_Config) refers to stm32f1xx_hal_cortex.o(.text.HAL_SYSTICK_Config) for [Anonymous Symbol]
    stm32f1xx_hal_cortex.o(.ARM.exidx.text.HAL_NVIC_GetPriorityGrouping) refers to stm32f1xx_hal_cortex.o(.text.HAL_NVIC_GetPriorityGrouping) for [Anonymous Symbol]
    stm32f1xx_hal_cortex.o(.ARM.exidx.text.HAL_NVIC_GetPriority) refers to stm32f1xx_hal_cortex.o(.text.HAL_NVIC_GetPriority) for [Anonymous Symbol]
    stm32f1xx_hal_cortex.o(.ARM.exidx.text.HAL_NVIC_SetPendingIRQ) refers to stm32f1xx_hal_cortex.o(.text.HAL_NVIC_SetPendingIRQ) for [Anonymous Symbol]
    stm32f1xx_hal_cortex.o(.ARM.exidx.text.HAL_NVIC_GetPendingIRQ) refers to stm32f1xx_hal_cortex.o(.text.HAL_NVIC_GetPendingIRQ) for [Anonymous Symbol]
    stm32f1xx_hal_cortex.o(.ARM.exidx.text.HAL_NVIC_ClearPendingIRQ) refers to stm32f1xx_hal_cortex.o(.text.HAL_NVIC_ClearPendingIRQ) for [Anonymous Symbol]
    stm32f1xx_hal_cortex.o(.ARM.exidx.text.HAL_NVIC_GetActive) refers to stm32f1xx_hal_cortex.o(.text.HAL_NVIC_GetActive) for [Anonymous Symbol]
    stm32f1xx_hal_cortex.o(.ARM.exidx.text.HAL_SYSTICK_CLKSourceConfig) refers to stm32f1xx_hal_cortex.o(.text.HAL_SYSTICK_CLKSourceConfig) for [Anonymous Symbol]
    stm32f1xx_hal_cortex.o(.text.HAL_SYSTICK_IRQHandler) refers to stm32f1xx_hal_cortex.o(.text.HAL_SYSTICK_Callback) for HAL_SYSTICK_Callback
    stm32f1xx_hal_cortex.o(.ARM.exidx.text.HAL_SYSTICK_IRQHandler) refers to stm32f1xx_hal_cortex.o(.text.HAL_SYSTICK_IRQHandler) for [Anonymous Symbol]
    stm32f1xx_hal_cortex.o(.ARM.exidx.text.HAL_SYSTICK_Callback) refers to stm32f1xx_hal_cortex.o(.text.HAL_SYSTICK_Callback) for [Anonymous Symbol]
    stm32f1xx_hal_pwr.o(.ARM.exidx.text.HAL_PWR_DeInit) refers to stm32f1xx_hal_pwr.o(.text.HAL_PWR_DeInit) for [Anonymous Symbol]
    stm32f1xx_hal_pwr.o(.ARM.exidx.text.HAL_PWR_EnableBkUpAccess) refers to stm32f1xx_hal_pwr.o(.text.HAL_PWR_EnableBkUpAccess) for [Anonymous Symbol]
    stm32f1xx_hal_pwr.o(.ARM.exidx.text.HAL_PWR_DisableBkUpAccess) refers to stm32f1xx_hal_pwr.o(.text.HAL_PWR_DisableBkUpAccess) for [Anonymous Symbol]
    stm32f1xx_hal_pwr.o(.ARM.exidx.text.HAL_PWR_ConfigPVD) refers to stm32f1xx_hal_pwr.o(.text.HAL_PWR_ConfigPVD) for [Anonymous Symbol]
    stm32f1xx_hal_pwr.o(.ARM.exidx.text.HAL_PWR_EnablePVD) refers to stm32f1xx_hal_pwr.o(.text.HAL_PWR_EnablePVD) for [Anonymous Symbol]
    stm32f1xx_hal_pwr.o(.ARM.exidx.text.HAL_PWR_DisablePVD) refers to stm32f1xx_hal_pwr.o(.text.HAL_PWR_DisablePVD) for [Anonymous Symbol]
    stm32f1xx_hal_pwr.o(.ARM.exidx.text.HAL_PWR_EnableWakeUpPin) refers to stm32f1xx_hal_pwr.o(.text.HAL_PWR_EnableWakeUpPin) for [Anonymous Symbol]
    stm32f1xx_hal_pwr.o(.ARM.exidx.text.HAL_PWR_DisableWakeUpPin) refers to stm32f1xx_hal_pwr.o(.text.HAL_PWR_DisableWakeUpPin) for [Anonymous Symbol]
    stm32f1xx_hal_pwr.o(.ARM.exidx.text.HAL_PWR_EnterSLEEPMode) refers to stm32f1xx_hal_pwr.o(.text.HAL_PWR_EnterSLEEPMode) for [Anonymous Symbol]
    stm32f1xx_hal_pwr.o(.text.HAL_PWR_EnterSTOPMode) refers to stm32f1xx_hal_pwr.o(.text.PWR_OverloadWfe) for PWR_OverloadWfe
    stm32f1xx_hal_pwr.o(.ARM.exidx.text.HAL_PWR_EnterSTOPMode) refers to stm32f1xx_hal_pwr.o(.text.HAL_PWR_EnterSTOPMode) for [Anonymous Symbol]
    stm32f1xx_hal_pwr.o(.ARM.exidx.text.PWR_OverloadWfe) refers to stm32f1xx_hal_pwr.o(.text.PWR_OverloadWfe) for [Anonymous Symbol]
    stm32f1xx_hal_pwr.o(.ARM.exidx.text.HAL_PWR_EnterSTANDBYMode) refers to stm32f1xx_hal_pwr.o(.text.HAL_PWR_EnterSTANDBYMode) for [Anonymous Symbol]
    stm32f1xx_hal_pwr.o(.ARM.exidx.text.HAL_PWR_EnableSleepOnExit) refers to stm32f1xx_hal_pwr.o(.text.HAL_PWR_EnableSleepOnExit) for [Anonymous Symbol]
    stm32f1xx_hal_pwr.o(.ARM.exidx.text.HAL_PWR_DisableSleepOnExit) refers to stm32f1xx_hal_pwr.o(.text.HAL_PWR_DisableSleepOnExit) for [Anonymous Symbol]
    stm32f1xx_hal_pwr.o(.ARM.exidx.text.HAL_PWR_EnableSEVOnPend) refers to stm32f1xx_hal_pwr.o(.text.HAL_PWR_EnableSEVOnPend) for [Anonymous Symbol]
    stm32f1xx_hal_pwr.o(.ARM.exidx.text.HAL_PWR_DisableSEVOnPend) refers to stm32f1xx_hal_pwr.o(.text.HAL_PWR_DisableSEVOnPend) for [Anonymous Symbol]
    stm32f1xx_hal_pwr.o(.text.HAL_PWR_PVD_IRQHandler) refers to stm32f1xx_hal_pwr.o(.text.HAL_PWR_PVDCallback) for HAL_PWR_PVDCallback
    stm32f1xx_hal_pwr.o(.ARM.exidx.text.HAL_PWR_PVD_IRQHandler) refers to stm32f1xx_hal_pwr.o(.text.HAL_PWR_PVD_IRQHandler) for [Anonymous Symbol]
    stm32f1xx_hal_pwr.o(.ARM.exidx.text.HAL_PWR_PVDCallback) refers to stm32f1xx_hal_pwr.o(.text.HAL_PWR_PVDCallback) for [Anonymous Symbol]
    stm32f1xx_hal_flash.o(.text.HAL_FLASH_Program) refers to stm32f1xx_hal_flash.o(.bss.pFlash) for pFlash
    stm32f1xx_hal_flash.o(.text.HAL_FLASH_Program) refers to stm32f1xx_hal_flash.o(.text.FLASH_WaitForLastOperation) for FLASH_WaitForLastOperation
    stm32f1xx_hal_flash.o(.ARM.exidx.text.HAL_FLASH_Program) refers to stm32f1xx_hal_flash.o(.text.HAL_FLASH_Program) for [Anonymous Symbol]
    stm32f1xx_hal_flash.o(.text.FLASH_WaitForLastOperation) refers to stm32f1xx_hal.o(.text.HAL_GetTick) for HAL_GetTick
    stm32f1xx_hal_flash.o(.text.FLASH_WaitForLastOperation) refers to stm32f1xx_hal_flash.o(.bss.pFlash) for pFlash
    stm32f1xx_hal_flash.o(.ARM.exidx.text.FLASH_WaitForLastOperation) refers to stm32f1xx_hal_flash.o(.text.FLASH_WaitForLastOperation) for [Anonymous Symbol]
    stm32f1xx_hal_flash.o(.text.HAL_FLASH_Program_IT) refers to stm32f1xx_hal_flash.o(.bss.pFlash) for pFlash
    stm32f1xx_hal_flash.o(.ARM.exidx.text.HAL_FLASH_Program_IT) refers to stm32f1xx_hal_flash.o(.text.HAL_FLASH_Program_IT) for [Anonymous Symbol]
    stm32f1xx_hal_flash.o(.text.HAL_FLASH_IRQHandler) refers to stm32f1xx_hal_flash.o(.bss.pFlash) for pFlash
    stm32f1xx_hal_flash.o(.text.HAL_FLASH_IRQHandler) refers to stm32f1xx_hal_flash.o(.text.HAL_FLASH_OperationErrorCallback) for HAL_FLASH_OperationErrorCallback
    stm32f1xx_hal_flash.o(.text.HAL_FLASH_IRQHandler) refers to stm32f1xx_hal_flash.o(.text.HAL_FLASH_EndOfOperationCallback) for HAL_FLASH_EndOfOperationCallback
    stm32f1xx_hal_flash.o(.text.HAL_FLASH_IRQHandler) refers to stm32f1xx_hal_flash_ex.o(.text.FLASH_PageErase) for FLASH_PageErase
    stm32f1xx_hal_flash.o(.ARM.exidx.text.HAL_FLASH_IRQHandler) refers to stm32f1xx_hal_flash.o(.text.HAL_FLASH_IRQHandler) for [Anonymous Symbol]
    stm32f1xx_hal_flash.o(.ARM.exidx.text.HAL_FLASH_OperationErrorCallback) refers to stm32f1xx_hal_flash.o(.text.HAL_FLASH_OperationErrorCallback) for [Anonymous Symbol]
    stm32f1xx_hal_flash.o(.ARM.exidx.text.HAL_FLASH_EndOfOperationCallback) refers to stm32f1xx_hal_flash.o(.text.HAL_FLASH_EndOfOperationCallback) for [Anonymous Symbol]
    stm32f1xx_hal_flash.o(.ARM.exidx.text.HAL_FLASH_Unlock) refers to stm32f1xx_hal_flash.o(.text.HAL_FLASH_Unlock) for [Anonymous Symbol]
    stm32f1xx_hal_flash.o(.ARM.exidx.text.HAL_FLASH_Lock) refers to stm32f1xx_hal_flash.o(.text.HAL_FLASH_Lock) for [Anonymous Symbol]
    stm32f1xx_hal_flash.o(.ARM.exidx.text.HAL_FLASH_OB_Unlock) refers to stm32f1xx_hal_flash.o(.text.HAL_FLASH_OB_Unlock) for [Anonymous Symbol]
    stm32f1xx_hal_flash.o(.ARM.exidx.text.HAL_FLASH_OB_Lock) refers to stm32f1xx_hal_flash.o(.text.HAL_FLASH_OB_Lock) for [Anonymous Symbol]
    stm32f1xx_hal_flash.o(.text.HAL_FLASH_OB_Launch) refers to stm32f1xx_hal_cortex.o(.text.HAL_NVIC_SystemReset) for HAL_NVIC_SystemReset
    stm32f1xx_hal_flash.o(.ARM.exidx.text.HAL_FLASH_OB_Launch) refers to stm32f1xx_hal_flash.o(.text.HAL_FLASH_OB_Launch) for [Anonymous Symbol]
    stm32f1xx_hal_flash.o(.text.HAL_FLASH_GetError) refers to stm32f1xx_hal_flash.o(.bss.pFlash) for pFlash
    stm32f1xx_hal_flash.o(.ARM.exidx.text.HAL_FLASH_GetError) refers to stm32f1xx_hal_flash.o(.text.HAL_FLASH_GetError) for [Anonymous Symbol]
    stm32f1xx_hal_flash_ex.o(.text.HAL_FLASHEx_Erase) refers to stm32f1xx_hal_flash.o(.bss.pFlash) for pFlash
    stm32f1xx_hal_flash_ex.o(.text.HAL_FLASHEx_Erase) refers to stm32f1xx_hal_flash.o(.text.FLASH_WaitForLastOperation) for FLASH_WaitForLastOperation
    stm32f1xx_hal_flash_ex.o(.ARM.exidx.text.HAL_FLASHEx_Erase) refers to stm32f1xx_hal_flash_ex.o(.text.HAL_FLASHEx_Erase) for [Anonymous Symbol]
    stm32f1xx_hal_flash_ex.o(.text.FLASH_PageErase) refers to stm32f1xx_hal_flash.o(.bss.pFlash) for pFlash
    stm32f1xx_hal_flash_ex.o(.ARM.exidx.text.FLASH_PageErase) refers to stm32f1xx_hal_flash_ex.o(.text.FLASH_PageErase) for [Anonymous Symbol]
    stm32f1xx_hal_flash_ex.o(.text.HAL_FLASHEx_Erase_IT) refers to stm32f1xx_hal_flash.o(.bss.pFlash) for pFlash
    stm32f1xx_hal_flash_ex.o(.ARM.exidx.text.HAL_FLASHEx_Erase_IT) refers to stm32f1xx_hal_flash_ex.o(.text.HAL_FLASHEx_Erase_IT) for [Anonymous Symbol]
    stm32f1xx_hal_flash_ex.o(.text.HAL_FLASHEx_OBErase) refers to stm32f1xx_hal_flash.o(.text.FLASH_WaitForLastOperation) for FLASH_WaitForLastOperation
    stm32f1xx_hal_flash_ex.o(.text.HAL_FLASHEx_OBErase) refers to stm32f1xx_hal_flash.o(.bss.pFlash) for pFlash
    stm32f1xx_hal_flash_ex.o(.ARM.exidx.text.HAL_FLASHEx_OBErase) refers to stm32f1xx_hal_flash_ex.o(.text.HAL_FLASHEx_OBErase) for [Anonymous Symbol]
    stm32f1xx_hal_flash_ex.o(.text.HAL_FLASHEx_OBProgram) refers to stm32f1xx_hal_flash.o(.bss.pFlash) for pFlash
    stm32f1xx_hal_flash_ex.o(.text.HAL_FLASHEx_OBProgram) refers to stm32f1xx_hal_flash.o(.text.FLASH_WaitForLastOperation) for FLASH_WaitForLastOperation
    stm32f1xx_hal_flash_ex.o(.text.HAL_FLASHEx_OBProgram) refers to stm32f1xx_hal_flash_ex.o(.text.HAL_FLASHEx_OBErase) for HAL_FLASHEx_OBErase
    stm32f1xx_hal_flash_ex.o(.ARM.exidx.text.HAL_FLASHEx_OBProgram) refers to stm32f1xx_hal_flash_ex.o(.text.HAL_FLASHEx_OBProgram) for [Anonymous Symbol]
    stm32f1xx_hal_flash_ex.o(.ARM.exidx.text.HAL_FLASHEx_OBGetConfig) refers to stm32f1xx_hal_flash_ex.o(.text.HAL_FLASHEx_OBGetConfig) for [Anonymous Symbol]
    stm32f1xx_hal_flash_ex.o(.ARM.exidx.text.HAL_FLASHEx_OBGetUserData) refers to stm32f1xx_hal_flash_ex.o(.text.HAL_FLASHEx_OBGetUserData) for [Anonymous Symbol]
    stm32f1xx_hal_exti.o(.ARM.exidx.text.HAL_EXTI_SetConfigLine) refers to stm32f1xx_hal_exti.o(.text.HAL_EXTI_SetConfigLine) for [Anonymous Symbol]
    stm32f1xx_hal_exti.o(.ARM.exidx.text.HAL_EXTI_GetConfigLine) refers to stm32f1xx_hal_exti.o(.text.HAL_EXTI_GetConfigLine) for [Anonymous Symbol]
    stm32f1xx_hal_exti.o(.ARM.exidx.text.HAL_EXTI_ClearConfigLine) refers to stm32f1xx_hal_exti.o(.text.HAL_EXTI_ClearConfigLine) for [Anonymous Symbol]
    stm32f1xx_hal_exti.o(.ARM.exidx.text.HAL_EXTI_RegisterCallback) refers to stm32f1xx_hal_exti.o(.text.HAL_EXTI_RegisterCallback) for [Anonymous Symbol]
    stm32f1xx_hal_exti.o(.ARM.exidx.text.HAL_EXTI_GetHandle) refers to stm32f1xx_hal_exti.o(.text.HAL_EXTI_GetHandle) for [Anonymous Symbol]
    stm32f1xx_hal_exti.o(.ARM.exidx.text.HAL_EXTI_IRQHandler) refers to stm32f1xx_hal_exti.o(.text.HAL_EXTI_IRQHandler) for [Anonymous Symbol]
    stm32f1xx_hal_exti.o(.ARM.exidx.text.HAL_EXTI_GetPending) refers to stm32f1xx_hal_exti.o(.text.HAL_EXTI_GetPending) for [Anonymous Symbol]
    stm32f1xx_hal_exti.o(.ARM.exidx.text.HAL_EXTI_ClearPending) refers to stm32f1xx_hal_exti.o(.text.HAL_EXTI_ClearPending) for [Anonymous Symbol]
    stm32f1xx_hal_exti.o(.ARM.exidx.text.HAL_EXTI_GenerateSWI) refers to stm32f1xx_hal_exti.o(.text.HAL_EXTI_GenerateSWI) for [Anonymous Symbol]
    system_stm32f1xx.o(.ARM.exidx.text.SystemInit) refers to system_stm32f1xx.o(.text.SystemInit) for [Anonymous Symbol]
    system_stm32f1xx.o(.text.SystemCoreClockUpdate) refers to system_stm32f1xx.o(.data.SystemCoreClock) for SystemCoreClock
    system_stm32f1xx.o(.text.SystemCoreClockUpdate) refers to system_stm32f1xx.o(.rodata.AHBPrescTable) for AHBPrescTable
    system_stm32f1xx.o(.ARM.exidx.text.SystemCoreClockUpdate) refers to system_stm32f1xx.o(.text.SystemCoreClockUpdate) for [Anonymous Symbol]
    entry.o(.ARM.Collect$$$$00000000) refers (Special) to entry10a.o(.ARM.Collect$$$$0000000D) for __rt_final_cpp
    entry.o(.ARM.Collect$$$$00000000) refers (Special) to entry11a.o(.ARM.Collect$$$$0000000F) for __rt_final_exit
    entry.o(.ARM.Collect$$$$00000000) refers (Special) to entry7b.o(.ARM.Collect$$$$00000008) for _main_clock
    entry.o(.ARM.Collect$$$$00000000) refers (Special) to entry8b.o(.ARM.Collect$$$$0000000A) for _main_cpp_init
    entry.o(.ARM.Collect$$$$00000000) refers (Special) to entry9a.o(.ARM.Collect$$$$0000000B) for _main_init
    entry.o(.ARM.Collect$$$$00000000) refers (Special) to entry5.o(.ARM.Collect$$$$00000004) for _main_scatterload
    entry.o(.ARM.Collect$$$$00000000) refers (Special) to entry2.o(.ARM.Collect$$$$00000001) for _main_stk
    entry2.o(.ARM.Collect$$$$00000001) refers to entry2.o(.ARM.Collect$$$$00002712) for __lit__00000000
    entry2.o(.ARM.Collect$$$$00002712) refers to startup_stm32f103xb.o(STACK) for __initial_sp
    entry2.o(__vectab_stack_and_reset_area) refers to startup_stm32f103xb.o(STACK) for __initial_sp
    entry2.o(__vectab_stack_and_reset_area) refers to entry.o(.ARM.Collect$$$$00000000) for __main
    entry5.o(.ARM.Collect$$$$00000004) refers to init.o(.text) for __scatterload
    entry9a.o(.ARM.Collect$$$$0000000B) refers to main.o(.text.main) for main
    entry9b.o(.ARM.Collect$$$$0000000C) refers to main.o(.text.main) for main
    init.o(.text) refers to entry5.o(.ARM.Collect$$$$00000004) for __main_after_scatterload


==============================================================================

Removing Unused input sections from the image.

    Removing startup_stm32f103xb.o(HEAP), (512 bytes).
    Removing my_esp8266.o(.text), (0 bytes).
    Removing my_esp8266.o(.text.esp8266_test), (22 bytes).
    Removing my_esp8266.o(.ARM.exidx.text.esp8266_test), (8 bytes).
    Removing my_esp8266.o(.ARM.exidx.text.esp8266_send_cmd), (8 bytes).
    Removing my_esp8266.o(.text.u2_printf), (142 bytes).
    Removing my_esp8266.o(.ARM.exidx.text.u2_printf), (8 bytes).
    Removing my_esp8266.o(.ARM.exidx.text.esp8266_start_trans), (8 bytes).
    Removing my_esp8266.o(.text.esp8266_quit_trans), (100 bytes).
    Removing my_esp8266.o(.ARM.exidx.text.esp8266_quit_trans), (8 bytes).
    Removing main.o(.text), (0 bytes).
    Removing main.o(.text.Esp8266), (140 bytes).
    Removing main.o(.ARM.exidx.text.Esp8266), (8 bytes).
    Removing main.o(.ARM.exidx.text.main), (8 bytes).
    Removing main.o(.text.SystemClock_Config), (100 bytes).
    Removing main.o(.ARM.exidx.text.SystemClock_Config), (8 bytes).
    Removing main.o(.ARM.exidx.text.Error_Handler), (8 bytes).
    Removing main.o(.ARM.exidx.text.HAL_UART_RxCpltCallback), (8 bytes).
    Removing main.o(.ARM.use_no_argv), (4 bytes).
    Removing gpio.o(.text), (0 bytes).
    Removing gpio.o(.ARM.exidx.text.MX_GPIO_Init), (8 bytes).
    Removing usart.o(.text), (0 bytes).
    Removing usart.o(.ARM.exidx.text.MX_USART1_UART_Init), (8 bytes).
    Removing usart.o(.ARM.exidx.text.MX_USART3_UART_Init), (8 bytes).
    Removing usart.o(.ARM.exidx.text.HAL_UART_MspInit), (8 bytes).
    Removing usart.o(.text.HAL_UART_MspDeInit), (114 bytes).
    Removing usart.o(.ARM.exidx.text.HAL_UART_MspDeInit), (8 bytes).
    Removing stm32f1xx_it.o(.text), (0 bytes).
    Removing stm32f1xx_it.o(.ARM.exidx.text.NMI_Handler), (8 bytes).
    Removing stm32f1xx_it.o(.ARM.exidx.text.HardFault_Handler), (8 bytes).
    Removing stm32f1xx_it.o(.ARM.exidx.text.MemManage_Handler), (8 bytes).
    Removing stm32f1xx_it.o(.ARM.exidx.text.BusFault_Handler), (8 bytes).
    Removing stm32f1xx_it.o(.ARM.exidx.text.UsageFault_Handler), (8 bytes).
    Removing stm32f1xx_it.o(.ARM.exidx.text.SVC_Handler), (8 bytes).
    Removing stm32f1xx_it.o(.ARM.exidx.text.DebugMon_Handler), (8 bytes).
    Removing stm32f1xx_it.o(.ARM.exidx.text.PendSV_Handler), (8 bytes).
    Removing stm32f1xx_it.o(.ARM.exidx.text.SysTick_Handler), (8 bytes).
    Removing stm32f1xx_it.o(.ARM.exidx.text.USART3_IRQHandler), (8 bytes).
    Removing stm32f1xx_hal_msp.o(.text), (0 bytes).
    Removing stm32f1xx_hal_msp.o(.ARM.exidx.text.HAL_MspInit), (8 bytes).
    Removing stm32f1xx_hal_gpio_ex.o(.text), (0 bytes).
    Removing stm32f1xx_hal_gpio_ex.o(.text.HAL_GPIOEx_ConfigEventout), (20 bytes).
    Removing stm32f1xx_hal_gpio_ex.o(.ARM.exidx.text.HAL_GPIOEx_ConfigEventout), (8 bytes).
    Removing stm32f1xx_hal_gpio_ex.o(.text.HAL_GPIOEx_EnableEventout), (16 bytes).
    Removing stm32f1xx_hal_gpio_ex.o(.ARM.exidx.text.HAL_GPIOEx_EnableEventout), (8 bytes).
    Removing stm32f1xx_hal_gpio_ex.o(.text.HAL_GPIOEx_DisableEventout), (16 bytes).
    Removing stm32f1xx_hal_gpio_ex.o(.ARM.exidx.text.HAL_GPIOEx_DisableEventout), (8 bytes).
    Removing stm32f1xx_hal_tim.o(.text), (0 bytes).
    Removing stm32f1xx_hal_tim_ex.o(.text), (0 bytes).
    Removing stm32f1xx_hal_uart.o(.text), (0 bytes).
    Removing stm32f1xx_hal_uart.o(.ARM.exidx.text.HAL_UART_Init), (8 bytes).
    Removing stm32f1xx_hal_uart.o(.text.HAL_UART_MspInit), (2 bytes).
    Removing stm32f1xx_hal_uart.o(.ARM.exidx.text.HAL_UART_MspInit), (8 bytes).
    Removing stm32f1xx_hal_uart.o(.text.HAL_HalfDuplex_Init), (232 bytes).
    Removing stm32f1xx_hal_uart.o(.ARM.exidx.text.HAL_HalfDuplex_Init), (8 bytes).
    Removing stm32f1xx_hal_uart.o(.text.HAL_LIN_Init), (246 bytes).
    Removing stm32f1xx_hal_uart.o(.ARM.exidx.text.HAL_LIN_Init), (8 bytes).
    Removing stm32f1xx_hal_uart.o(.text.HAL_MultiProcessor_Init), (256 bytes).
    Removing stm32f1xx_hal_uart.o(.ARM.exidx.text.HAL_MultiProcessor_Init), (8 bytes).
    Removing stm32f1xx_hal_uart.o(.text.HAL_UART_DeInit), (54 bytes).
    Removing stm32f1xx_hal_uart.o(.ARM.exidx.text.HAL_UART_DeInit), (8 bytes).
    Removing stm32f1xx_hal_uart.o(.text.HAL_UART_MspDeInit), (2 bytes).
    Removing stm32f1xx_hal_uart.o(.ARM.exidx.text.HAL_UART_MspDeInit), (8 bytes).
    Removing stm32f1xx_hal_uart.o(.ARM.exidx.text.HAL_UART_Transmit), (8 bytes).
    Removing stm32f1xx_hal_uart.o(.text.HAL_UART_Receive), (306 bytes).
    Removing stm32f1xx_hal_uart.o(.ARM.exidx.text.HAL_UART_Receive), (8 bytes).
    Removing stm32f1xx_hal_uart.o(.text.HAL_UART_Transmit_IT), (68 bytes).
    Removing stm32f1xx_hal_uart.o(.ARM.exidx.text.HAL_UART_Transmit_IT), (8 bytes).
    Removing stm32f1xx_hal_uart.o(.ARM.exidx.text.HAL_UART_Receive_IT), (8 bytes).
    Removing stm32f1xx_hal_uart.o(.text.UART_Start_Receive_IT), (50 bytes).
    Removing stm32f1xx_hal_uart.o(.ARM.exidx.text.UART_Start_Receive_IT), (8 bytes).
    Removing stm32f1xx_hal_uart.o(.text.HAL_UART_Transmit_DMA), (124 bytes).
    Removing stm32f1xx_hal_uart.o(.ARM.exidx.text.HAL_UART_Transmit_DMA), (8 bytes).
    Removing stm32f1xx_hal_uart.o(.text.UART_DMATransmitCplt), (38 bytes).
    Removing stm32f1xx_hal_uart.o(.ARM.exidx.text.UART_DMATransmitCplt), (8 bytes).
    Removing stm32f1xx_hal_uart.o(.text.UART_DMATxHalfCplt), (6 bytes).
    Removing stm32f1xx_hal_uart.o(.ARM.exidx.text.UART_DMATxHalfCplt), (8 bytes).
    Removing stm32f1xx_hal_uart.o(.text.UART_DMAError), (108 bytes).
    Removing stm32f1xx_hal_uart.o(.ARM.exidx.text.UART_DMAError), (8 bytes).
    Removing stm32f1xx_hal_uart.o(.text.HAL_UART_Receive_DMA), (164 bytes).
    Removing stm32f1xx_hal_uart.o(.ARM.exidx.text.HAL_UART_Receive_DMA), (8 bytes).
    Removing stm32f1xx_hal_uart.o(.text.UART_Start_Receive_DMA), (114 bytes).
    Removing stm32f1xx_hal_uart.o(.ARM.exidx.text.UART_Start_Receive_DMA), (8 bytes).
    Removing stm32f1xx_hal_uart.o(.text.HAL_UART_DMAPause), (88 bytes).
    Removing stm32f1xx_hal_uart.o(.ARM.exidx.text.HAL_UART_DMAPause), (8 bytes).
    Removing stm32f1xx_hal_uart.o(.text.HAL_UART_DMAResume), (104 bytes).
    Removing stm32f1xx_hal_uart.o(.ARM.exidx.text.HAL_UART_DMAResume), (8 bytes).
    Removing stm32f1xx_hal_uart.o(.text.HAL_UART_DMAStop), (132 bytes).
    Removing stm32f1xx_hal_uart.o(.ARM.exidx.text.HAL_UART_DMAStop), (8 bytes).
    Removing stm32f1xx_hal_uart.o(.text.HAL_UARTEx_ReceiveToIdle), (462 bytes).
    Removing stm32f1xx_hal_uart.o(.ARM.exidx.text.HAL_UARTEx_ReceiveToIdle), (8 bytes).
    Removing stm32f1xx_hal_uart.o(.text.HAL_UARTEx_ReceiveToIdle_IT), (132 bytes).
    Removing stm32f1xx_hal_uart.o(.ARM.exidx.text.HAL_UARTEx_ReceiveToIdle_IT), (8 bytes).
    Removing stm32f1xx_hal_uart.o(.text.HAL_UARTEx_ReceiveToIdle_DMA), (192 bytes).
    Removing stm32f1xx_hal_uart.o(.ARM.exidx.text.HAL_UARTEx_ReceiveToIdle_DMA), (8 bytes).
    Removing stm32f1xx_hal_uart.o(.text.HAL_UART_Abort), (146 bytes).
    Removing stm32f1xx_hal_uart.o(.ARM.exidx.text.HAL_UART_Abort), (8 bytes).
    Removing stm32f1xx_hal_uart.o(.text.HAL_UART_AbortTransmit), (72 bytes).
    Removing stm32f1xx_hal_uart.o(.ARM.exidx.text.HAL_UART_AbortTransmit), (8 bytes).
    Removing stm32f1xx_hal_uart.o(.text.HAL_UART_AbortReceive), (98 bytes).
    Removing stm32f1xx_hal_uart.o(.ARM.exidx.text.HAL_UART_AbortReceive), (8 bytes).
    Removing stm32f1xx_hal_uart.o(.text.HAL_UART_Abort_IT), (180 bytes).
    Removing stm32f1xx_hal_uart.o(.ARM.exidx.text.HAL_UART_Abort_IT), (8 bytes).
    Removing stm32f1xx_hal_uart.o(.text.UART_DMATxAbortCallback), (42 bytes).
    Removing stm32f1xx_hal_uart.o(.ARM.exidx.text.UART_DMATxAbortCallback), (8 bytes).
    Removing stm32f1xx_hal_uart.o(.text.UART_DMARxAbortCallback), (42 bytes).
    Removing stm32f1xx_hal_uart.o(.ARM.exidx.text.UART_DMARxAbortCallback), (8 bytes).
    Removing stm32f1xx_hal_uart.o(.text.HAL_UART_AbortCpltCallback), (2 bytes).
    Removing stm32f1xx_hal_uart.o(.ARM.exidx.text.HAL_UART_AbortCpltCallback), (8 bytes).
    Removing stm32f1xx_hal_uart.o(.text.HAL_UART_AbortTransmit_IT), (100 bytes).
    Removing stm32f1xx_hal_uart.o(.ARM.exidx.text.HAL_UART_AbortTransmit_IT), (8 bytes).
    Removing stm32f1xx_hal_uart.o(.text.UART_DMATxOnlyAbortCallback), (16 bytes).
    Removing stm32f1xx_hal_uart.o(.ARM.exidx.text.UART_DMATxOnlyAbortCallback), (8 bytes).
    Removing stm32f1xx_hal_uart.o(.text.HAL_UART_AbortTransmitCpltCallback), (2 bytes).
    Removing stm32f1xx_hal_uart.o(.ARM.exidx.text.HAL_UART_AbortTransmitCpltCallback), (8 bytes).
    Removing stm32f1xx_hal_uart.o(.text.HAL_UART_AbortReceive_IT), (134 bytes).
    Removing stm32f1xx_hal_uart.o(.ARM.exidx.text.HAL_UART_AbortReceive_IT), (8 bytes).
    Removing stm32f1xx_hal_uart.o(.text.UART_DMARxOnlyAbortCallback), (18 bytes).
    Removing stm32f1xx_hal_uart.o(.ARM.exidx.text.UART_DMARxOnlyAbortCallback), (8 bytes).
    Removing stm32f1xx_hal_uart.o(.text.HAL_UART_AbortReceiveCpltCallback), (2 bytes).
    Removing stm32f1xx_hal_uart.o(.ARM.exidx.text.HAL_UART_AbortReceiveCpltCallback), (8 bytes).
    Removing stm32f1xx_hal_uart.o(.ARM.exidx.text.HAL_UART_IRQHandler), (8 bytes).
    Removing stm32f1xx_hal_uart.o(.ARM.exidx.text.UART_Receive_IT), (8 bytes).
    Removing stm32f1xx_hal_uart.o(.ARM.exidx.text.UART_DMAAbortOnError), (8 bytes).
    Removing stm32f1xx_hal_uart.o(.ARM.exidx.text.HAL_UART_ErrorCallback), (8 bytes).
    Removing stm32f1xx_hal_uart.o(.ARM.exidx.text.HAL_UARTEx_RxEventCallback), (8 bytes).
    Removing stm32f1xx_hal_uart.o(.ARM.exidx.text.HAL_UART_TxCpltCallback), (8 bytes).
    Removing stm32f1xx_hal_uart.o(.text.HAL_UART_TxHalfCpltCallback), (2 bytes).
    Removing stm32f1xx_hal_uart.o(.ARM.exidx.text.HAL_UART_TxHalfCpltCallback), (8 bytes).
    Removing stm32f1xx_hal_uart.o(.text.HAL_UART_RxCpltCallback), (2 bytes).
    Removing stm32f1xx_hal_uart.o(.ARM.exidx.text.HAL_UART_RxCpltCallback), (8 bytes).
    Removing stm32f1xx_hal_uart.o(.text.HAL_UART_RxHalfCpltCallback), (2 bytes).
    Removing stm32f1xx_hal_uart.o(.ARM.exidx.text.HAL_UART_RxHalfCpltCallback), (8 bytes).
    Removing stm32f1xx_hal_uart.o(.text.HAL_LIN_SendBreak), (44 bytes).
    Removing stm32f1xx_hal_uart.o(.ARM.exidx.text.HAL_LIN_SendBreak), (8 bytes).
    Removing stm32f1xx_hal_uart.o(.text.HAL_MultiProcessor_EnterMuteMode), (44 bytes).
    Removing stm32f1xx_hal_uart.o(.ARM.exidx.text.HAL_MultiProcessor_EnterMuteMode), (8 bytes).
    Removing stm32f1xx_hal_uart.o(.text.HAL_MultiProcessor_ExitMuteMode), (44 bytes).
    Removing stm32f1xx_hal_uart.o(.ARM.exidx.text.HAL_MultiProcessor_ExitMuteMode), (8 bytes).
    Removing stm32f1xx_hal_uart.o(.text.HAL_HalfDuplex_EnableTransmitter), (44 bytes).
    Removing stm32f1xx_hal_uart.o(.ARM.exidx.text.HAL_HalfDuplex_EnableTransmitter), (8 bytes).
    Removing stm32f1xx_hal_uart.o(.text.HAL_HalfDuplex_EnableReceiver), (46 bytes).
    Removing stm32f1xx_hal_uart.o(.ARM.exidx.text.HAL_HalfDuplex_EnableReceiver), (8 bytes).
    Removing stm32f1xx_hal_uart.o(.ARM.exidx.text.HAL_UART_GetState), (8 bytes).
    Removing stm32f1xx_hal_uart.o(.text.HAL_UART_GetError), (4 bytes).
    Removing stm32f1xx_hal_uart.o(.ARM.exidx.text.HAL_UART_GetError), (8 bytes).
    Removing stm32f1xx_hal_uart.o(.text.UART_DMAReceiveCplt), (76 bytes).
    Removing stm32f1xx_hal_uart.o(.ARM.exidx.text.UART_DMAReceiveCplt), (8 bytes).
    Removing stm32f1xx_hal_uart.o(.text.UART_DMARxHalfCplt), (20 bytes).
    Removing stm32f1xx_hal_uart.o(.ARM.exidx.text.UART_DMARxHalfCplt), (8 bytes).
    Removing stm32f1xx_hal.o(.text), (0 bytes).
    Removing stm32f1xx_hal.o(.ARM.exidx.text.HAL_Init), (8 bytes).
    Removing stm32f1xx_hal.o(.ARM.exidx.text.HAL_InitTick), (8 bytes).
    Removing stm32f1xx_hal.o(.text.HAL_MspInit), (2 bytes).
    Removing stm32f1xx_hal.o(.ARM.exidx.text.HAL_MspInit), (8 bytes).
    Removing stm32f1xx_hal.o(.text.HAL_DeInit), (32 bytes).
    Removing stm32f1xx_hal.o(.ARM.exidx.text.HAL_DeInit), (8 bytes).
    Removing stm32f1xx_hal.o(.text.HAL_MspDeInit), (2 bytes).
    Removing stm32f1xx_hal.o(.ARM.exidx.text.HAL_MspDeInit), (8 bytes).
    Removing stm32f1xx_hal.o(.ARM.exidx.text.HAL_IncTick), (8 bytes).
    Removing stm32f1xx_hal.o(.ARM.exidx.text.HAL_GetTick), (8 bytes).
    Removing stm32f1xx_hal.o(.text.HAL_GetTickPrio), (12 bytes).
    Removing stm32f1xx_hal.o(.ARM.exidx.text.HAL_GetTickPrio), (8 bytes).
    Removing stm32f1xx_hal.o(.text.HAL_SetTickFreq), (38 bytes).
    Removing stm32f1xx_hal.o(.ARM.exidx.text.HAL_SetTickFreq), (8 bytes).
    Removing stm32f1xx_hal.o(.text.HAL_GetTickFreq), (12 bytes).
    Removing stm32f1xx_hal.o(.ARM.exidx.text.HAL_GetTickFreq), (8 bytes).
    Removing stm32f1xx_hal.o(.ARM.exidx.text.HAL_Delay), (8 bytes).
    Removing stm32f1xx_hal.o(.text.HAL_SuspendTick), (18 bytes).
    Removing stm32f1xx_hal.o(.ARM.exidx.text.HAL_SuspendTick), (8 bytes).
    Removing stm32f1xx_hal.o(.text.HAL_ResumeTick), (18 bytes).
    Removing stm32f1xx_hal.o(.ARM.exidx.text.HAL_ResumeTick), (8 bytes).
    Removing stm32f1xx_hal.o(.text.HAL_GetHalVersion), (10 bytes).
    Removing stm32f1xx_hal.o(.ARM.exidx.text.HAL_GetHalVersion), (8 bytes).
    Removing stm32f1xx_hal.o(.text.HAL_GetREVID), (14 bytes).
    Removing stm32f1xx_hal.o(.ARM.exidx.text.HAL_GetREVID), (8 bytes).
    Removing stm32f1xx_hal.o(.text.HAL_GetDEVID), (16 bytes).
    Removing stm32f1xx_hal.o(.ARM.exidx.text.HAL_GetDEVID), (8 bytes).
    Removing stm32f1xx_hal.o(.text.HAL_GetUIDw0), (12 bytes).
    Removing stm32f1xx_hal.o(.ARM.exidx.text.HAL_GetUIDw0), (8 bytes).
    Removing stm32f1xx_hal.o(.text.HAL_GetUIDw1), (12 bytes).
    Removing stm32f1xx_hal.o(.ARM.exidx.text.HAL_GetUIDw1), (8 bytes).
    Removing stm32f1xx_hal.o(.text.HAL_GetUIDw2), (12 bytes).
    Removing stm32f1xx_hal.o(.ARM.exidx.text.HAL_GetUIDw2), (8 bytes).
    Removing stm32f1xx_hal.o(.text.HAL_DBGMCU_EnableDBGSleepMode), (18 bytes).
    Removing stm32f1xx_hal.o(.ARM.exidx.text.HAL_DBGMCU_EnableDBGSleepMode), (8 bytes).
    Removing stm32f1xx_hal.o(.text.HAL_DBGMCU_DisableDBGSleepMode), (18 bytes).
    Removing stm32f1xx_hal.o(.ARM.exidx.text.HAL_DBGMCU_DisableDBGSleepMode), (8 bytes).
    Removing stm32f1xx_hal.o(.text.HAL_DBGMCU_EnableDBGStopMode), (18 bytes).
    Removing stm32f1xx_hal.o(.ARM.exidx.text.HAL_DBGMCU_EnableDBGStopMode), (8 bytes).
    Removing stm32f1xx_hal.o(.text.HAL_DBGMCU_DisableDBGStopMode), (18 bytes).
    Removing stm32f1xx_hal.o(.ARM.exidx.text.HAL_DBGMCU_DisableDBGStopMode), (8 bytes).
    Removing stm32f1xx_hal.o(.text.HAL_DBGMCU_EnableDBGStandbyMode), (18 bytes).
    Removing stm32f1xx_hal.o(.ARM.exidx.text.HAL_DBGMCU_EnableDBGStandbyMode), (8 bytes).
    Removing stm32f1xx_hal.o(.text.HAL_DBGMCU_DisableDBGStandbyMode), (18 bytes).
    Removing stm32f1xx_hal.o(.ARM.exidx.text.HAL_DBGMCU_DisableDBGStandbyMode), (8 bytes).
    Removing stm32f1xx_hal_rcc.o(.text), (0 bytes).
    Removing stm32f1xx_hal_rcc.o(.text.HAL_RCC_DeInit), (234 bytes).
    Removing stm32f1xx_hal_rcc.o(.ARM.exidx.text.HAL_RCC_DeInit), (8 bytes).
    Removing stm32f1xx_hal_rcc.o(.ARM.exidx.text.HAL_RCC_OscConfig), (8 bytes).
    Removing stm32f1xx_hal_rcc.o(.ARM.exidx.text.HAL_RCC_ClockConfig), (8 bytes).
    Removing stm32f1xx_hal_rcc.o(.text.HAL_RCC_GetSysClockFreq), (86 bytes).
    Removing stm32f1xx_hal_rcc.o(.ARM.exidx.text.HAL_RCC_GetSysClockFreq), (8 bytes).
    Removing stm32f1xx_hal_rcc.o(.text.HAL_RCC_MCOConfig), (82 bytes).
    Removing stm32f1xx_hal_rcc.o(.ARM.exidx.text.HAL_RCC_MCOConfig), (8 bytes).
    Removing stm32f1xx_hal_rcc.o(.text.HAL_RCC_EnableCSS), (12 bytes).
    Removing stm32f1xx_hal_rcc.o(.ARM.exidx.text.HAL_RCC_EnableCSS), (8 bytes).
    Removing stm32f1xx_hal_rcc.o(.text.HAL_RCC_DisableCSS), (12 bytes).
    Removing stm32f1xx_hal_rcc.o(.ARM.exidx.text.HAL_RCC_DisableCSS), (8 bytes).
    Removing stm32f1xx_hal_rcc.o(.text.HAL_RCC_GetHCLKFreq), (12 bytes).
    Removing stm32f1xx_hal_rcc.o(.ARM.exidx.text.HAL_RCC_GetHCLKFreq), (8 bytes).
    Removing stm32f1xx_hal_rcc.o(.ARM.exidx.text.HAL_RCC_GetPCLK1Freq), (8 bytes).
    Removing stm32f1xx_hal_rcc.o(.ARM.exidx.text.HAL_RCC_GetPCLK2Freq), (8 bytes).
    Removing stm32f1xx_hal_rcc.o(.text.HAL_RCC_GetOscConfig), (128 bytes).
    Removing stm32f1xx_hal_rcc.o(.ARM.exidx.text.HAL_RCC_GetOscConfig), (8 bytes).
    Removing stm32f1xx_hal_rcc.o(.text.HAL_RCC_GetClockConfig), (66 bytes).
    Removing stm32f1xx_hal_rcc.o(.ARM.exidx.text.HAL_RCC_GetClockConfig), (8 bytes).
    Removing stm32f1xx_hal_rcc.o(.text.HAL_RCC_NMI_IRQHandler), (28 bytes).
    Removing stm32f1xx_hal_rcc.o(.ARM.exidx.text.HAL_RCC_NMI_IRQHandler), (8 bytes).
    Removing stm32f1xx_hal_rcc.o(.text.HAL_RCC_CSSCallback), (2 bytes).
    Removing stm32f1xx_hal_rcc.o(.ARM.exidx.text.HAL_RCC_CSSCallback), (8 bytes).
    Removing stm32f1xx_hal_rcc_ex.o(.text), (0 bytes).
    Removing stm32f1xx_hal_rcc_ex.o(.text.HAL_RCCEx_PeriphCLKConfig), (266 bytes).
    Removing stm32f1xx_hal_rcc_ex.o(.ARM.exidx.text.HAL_RCCEx_PeriphCLKConfig), (8 bytes).
    Removing stm32f1xx_hal_rcc_ex.o(.text.HAL_RCCEx_GetPeriphCLKConfig), (38 bytes).
    Removing stm32f1xx_hal_rcc_ex.o(.ARM.exidx.text.HAL_RCCEx_GetPeriphCLKConfig), (8 bytes).
    Removing stm32f1xx_hal_rcc_ex.o(.text.HAL_RCCEx_GetPeriphCLKFreq), (240 bytes).
    Removing stm32f1xx_hal_rcc_ex.o(.ARM.exidx.text.HAL_RCCEx_GetPeriphCLKFreq), (8 bytes).
    Removing stm32f1xx_hal_gpio.o(.text), (0 bytes).
    Removing stm32f1xx_hal_gpio.o(.ARM.exidx.text.HAL_GPIO_Init), (8 bytes).
    Removing stm32f1xx_hal_gpio.o(.text.HAL_GPIO_DeInit), (282 bytes).
    Removing stm32f1xx_hal_gpio.o(.ARM.exidx.text.HAL_GPIO_DeInit), (8 bytes).
    Removing stm32f1xx_hal_gpio.o(.text.HAL_GPIO_ReadPin), (10 bytes).
    Removing stm32f1xx_hal_gpio.o(.ARM.exidx.text.HAL_GPIO_ReadPin), (8 bytes).
    Removing stm32f1xx_hal_gpio.o(.ARM.exidx.text.HAL_GPIO_WritePin), (8 bytes).
    Removing stm32f1xx_hal_gpio.o(.text.HAL_GPIO_TogglePin), (16 bytes).
    Removing stm32f1xx_hal_gpio.o(.ARM.exidx.text.HAL_GPIO_TogglePin), (8 bytes).
    Removing stm32f1xx_hal_gpio.o(.text.HAL_GPIO_LockPin), (40 bytes).
    Removing stm32f1xx_hal_gpio.o(.ARM.exidx.text.HAL_GPIO_LockPin), (8 bytes).
    Removing stm32f1xx_hal_gpio.o(.text.HAL_GPIO_EXTI_IRQHandler), (22 bytes).
    Removing stm32f1xx_hal_gpio.o(.ARM.exidx.text.HAL_GPIO_EXTI_IRQHandler), (8 bytes).
    Removing stm32f1xx_hal_gpio.o(.text.HAL_GPIO_EXTI_Callback), (2 bytes).
    Removing stm32f1xx_hal_gpio.o(.ARM.exidx.text.HAL_GPIO_EXTI_Callback), (8 bytes).
    Removing stm32f1xx_hal_dma.o(.text), (0 bytes).
    Removing stm32f1xx_hal_dma.o(.text.HAL_DMA_Init), (118 bytes).
    Removing stm32f1xx_hal_dma.o(.ARM.exidx.text.HAL_DMA_Init), (8 bytes).
    Removing stm32f1xx_hal_dma.o(.text.HAL_DMA_DeInit), (94 bytes).
    Removing stm32f1xx_hal_dma.o(.ARM.exidx.text.HAL_DMA_DeInit), (8 bytes).
    Removing stm32f1xx_hal_dma.o(.text.HAL_DMA_Start), (108 bytes).
    Removing stm32f1xx_hal_dma.o(.ARM.exidx.text.HAL_DMA_Start), (8 bytes).
    Removing stm32f1xx_hal_dma.o(.text.HAL_DMA_Start_IT), (156 bytes).
    Removing stm32f1xx_hal_dma.o(.ARM.exidx.text.HAL_DMA_Start_IT), (8 bytes).
    Removing stm32f1xx_hal_dma.o(.ARM.exidx.text.HAL_DMA_Abort), (8 bytes).
    Removing stm32f1xx_hal_dma.o(.ARM.exidx.text.HAL_DMA_Abort_IT), (8 bytes).
    Removing stm32f1xx_hal_dma.o(.text.HAL_DMA_PollForTransfer), (1462 bytes).
    Removing stm32f1xx_hal_dma.o(.ARM.exidx.text.HAL_DMA_PollForTransfer), (8 bytes).
    Removing stm32f1xx_hal_dma.o(.text.HAL_DMA_IRQHandler), (412 bytes).
    Removing stm32f1xx_hal_dma.o(.ARM.exidx.text.HAL_DMA_IRQHandler), (8 bytes).
    Removing stm32f1xx_hal_dma.o(.text.HAL_DMA_RegisterCallback), (86 bytes).
    Removing stm32f1xx_hal_dma.o(.ARM.exidx.text.HAL_DMA_RegisterCallback), (8 bytes).
    Removing stm32f1xx_hal_dma.o(.text.HAL_DMA_UnRegisterCallback), (120 bytes).
    Removing stm32f1xx_hal_dma.o(.ARM.exidx.text.HAL_DMA_UnRegisterCallback), (8 bytes).
    Removing stm32f1xx_hal_dma.o(.text.HAL_DMA_GetState), (6 bytes).
    Removing stm32f1xx_hal_dma.o(.ARM.exidx.text.HAL_DMA_GetState), (8 bytes).
    Removing stm32f1xx_hal_dma.o(.text.HAL_DMA_GetError), (4 bytes).
    Removing stm32f1xx_hal_dma.o(.ARM.exidx.text.HAL_DMA_GetError), (8 bytes).
    Removing stm32f1xx_hal_cortex.o(.text), (0 bytes).
    Removing stm32f1xx_hal_cortex.o(.ARM.exidx.text.HAL_NVIC_SetPriorityGrouping), (8 bytes).
    Removing stm32f1xx_hal_cortex.o(.ARM.exidx.text.HAL_NVIC_SetPriority), (8 bytes).
    Removing stm32f1xx_hal_cortex.o(.ARM.exidx.text.HAL_NVIC_EnableIRQ), (8 bytes).
    Removing stm32f1xx_hal_cortex.o(.text.HAL_NVIC_DisableIRQ), (46 bytes).
    Removing stm32f1xx_hal_cortex.o(.ARM.exidx.text.HAL_NVIC_DisableIRQ), (8 bytes).
    Removing stm32f1xx_hal_cortex.o(.text.HAL_NVIC_SystemReset), (4 bytes).
    Removing stm32f1xx_hal_cortex.o(.ARM.exidx.text.HAL_NVIC_SystemReset), (8 bytes).
    Removing stm32f1xx_hal_cortex.o(.text.__NVIC_SystemReset), (42 bytes).
    Removing stm32f1xx_hal_cortex.o(.ARM.exidx.text.__NVIC_SystemReset), (8 bytes).
    Removing stm32f1xx_hal_cortex.o(.ARM.exidx.text.HAL_SYSTICK_Config), (8 bytes).
    Removing stm32f1xx_hal_cortex.o(.text.HAL_NVIC_GetPriorityGrouping), (16 bytes).
    Removing stm32f1xx_hal_cortex.o(.ARM.exidx.text.HAL_NVIC_GetPriorityGrouping), (8 bytes).
    Removing stm32f1xx_hal_cortex.o(.text.HAL_NVIC_GetPriority), (90 bytes).
    Removing stm32f1xx_hal_cortex.o(.ARM.exidx.text.HAL_NVIC_GetPriority), (8 bytes).
    Removing stm32f1xx_hal_cortex.o(.text.HAL_NVIC_SetPendingIRQ), (38 bytes).
    Removing stm32f1xx_hal_cortex.o(.ARM.exidx.text.HAL_NVIC_SetPendingIRQ), (8 bytes).
    Removing stm32f1xx_hal_cortex.o(.text.HAL_NVIC_GetPendingIRQ), (42 bytes).
    Removing stm32f1xx_hal_cortex.o(.ARM.exidx.text.HAL_NVIC_GetPendingIRQ), (8 bytes).
    Removing stm32f1xx_hal_cortex.o(.text.HAL_NVIC_ClearPendingIRQ), (38 bytes).
    Removing stm32f1xx_hal_cortex.o(.ARM.exidx.text.HAL_NVIC_ClearPendingIRQ), (8 bytes).
    Removing stm32f1xx_hal_cortex.o(.text.HAL_NVIC_GetActive), (42 bytes).
    Removing stm32f1xx_hal_cortex.o(.ARM.exidx.text.HAL_NVIC_GetActive), (8 bytes).
    Removing stm32f1xx_hal_cortex.o(.text.HAL_SYSTICK_CLKSourceConfig), (24 bytes).
    Removing stm32f1xx_hal_cortex.o(.ARM.exidx.text.HAL_SYSTICK_CLKSourceConfig), (8 bytes).
    Removing stm32f1xx_hal_cortex.o(.text.HAL_SYSTICK_IRQHandler), (4 bytes).
    Removing stm32f1xx_hal_cortex.o(.ARM.exidx.text.HAL_SYSTICK_IRQHandler), (8 bytes).
    Removing stm32f1xx_hal_cortex.o(.text.HAL_SYSTICK_Callback), (2 bytes).
    Removing stm32f1xx_hal_cortex.o(.ARM.exidx.text.HAL_SYSTICK_Callback), (8 bytes).
    Removing stm32f1xx_hal_pwr.o(.text), (0 bytes).
    Removing stm32f1xx_hal_pwr.o(.text.HAL_PWR_DeInit), (26 bytes).
    Removing stm32f1xx_hal_pwr.o(.ARM.exidx.text.HAL_PWR_DeInit), (8 bytes).
    Removing stm32f1xx_hal_pwr.o(.text.HAL_PWR_EnableBkUpAccess), (12 bytes).
    Removing stm32f1xx_hal_pwr.o(.ARM.exidx.text.HAL_PWR_EnableBkUpAccess), (8 bytes).
    Removing stm32f1xx_hal_pwr.o(.text.HAL_PWR_DisableBkUpAccess), (12 bytes).
    Removing stm32f1xx_hal_pwr.o(.ARM.exidx.text.HAL_PWR_DisableBkUpAccess), (8 bytes).
    Removing stm32f1xx_hal_pwr.o(.text.HAL_PWR_ConfigPVD), (130 bytes).
    Removing stm32f1xx_hal_pwr.o(.ARM.exidx.text.HAL_PWR_ConfigPVD), (8 bytes).
    Removing stm32f1xx_hal_pwr.o(.text.HAL_PWR_EnablePVD), (12 bytes).
    Removing stm32f1xx_hal_pwr.o(.ARM.exidx.text.HAL_PWR_EnablePVD), (8 bytes).
    Removing stm32f1xx_hal_pwr.o(.text.HAL_PWR_DisablePVD), (12 bytes).
    Removing stm32f1xx_hal_pwr.o(.ARM.exidx.text.HAL_PWR_DisablePVD), (8 bytes).
    Removing stm32f1xx_hal_pwr.o(.text.HAL_PWR_EnableWakeUpPin), (22 bytes).
    Removing stm32f1xx_hal_pwr.o(.ARM.exidx.text.HAL_PWR_EnableWakeUpPin), (8 bytes).
    Removing stm32f1xx_hal_pwr.o(.text.HAL_PWR_DisableWakeUpPin), (22 bytes).
    Removing stm32f1xx_hal_pwr.o(.ARM.exidx.text.HAL_PWR_DisableWakeUpPin), (8 bytes).
    Removing stm32f1xx_hal_pwr.o(.text.HAL_PWR_EnterSLEEPMode), (30 bytes).
    Removing stm32f1xx_hal_pwr.o(.ARM.exidx.text.HAL_PWR_EnterSLEEPMode), (8 bytes).
    Removing stm32f1xx_hal_pwr.o(.text.HAL_PWR_EnterSTOPMode), (80 bytes).
    Removing stm32f1xx_hal_pwr.o(.ARM.exidx.text.HAL_PWR_EnterSTOPMode), (8 bytes).
    Removing stm32f1xx_hal_pwr.o(.text.PWR_OverloadWfe), (6 bytes).
    Removing stm32f1xx_hal_pwr.o(.ARM.exidx.text.PWR_OverloadWfe), (8 bytes).
    Removing stm32f1xx_hal_pwr.o(.text.HAL_PWR_EnterSTANDBYMode), (36 bytes).
    Removing stm32f1xx_hal_pwr.o(.ARM.exidx.text.HAL_PWR_EnterSTANDBYMode), (8 bytes).
    Removing stm32f1xx_hal_pwr.o(.text.HAL_PWR_EnableSleepOnExit), (18 bytes).
    Removing stm32f1xx_hal_pwr.o(.ARM.exidx.text.HAL_PWR_EnableSleepOnExit), (8 bytes).
    Removing stm32f1xx_hal_pwr.o(.text.HAL_PWR_DisableSleepOnExit), (18 bytes).
    Removing stm32f1xx_hal_pwr.o(.ARM.exidx.text.HAL_PWR_DisableSleepOnExit), (8 bytes).
    Removing stm32f1xx_hal_pwr.o(.text.HAL_PWR_EnableSEVOnPend), (18 bytes).
    Removing stm32f1xx_hal_pwr.o(.ARM.exidx.text.HAL_PWR_EnableSEVOnPend), (8 bytes).
    Removing stm32f1xx_hal_pwr.o(.text.HAL_PWR_DisableSEVOnPend), (18 bytes).
    Removing stm32f1xx_hal_pwr.o(.ARM.exidx.text.HAL_PWR_DisableSEVOnPend), (8 bytes).
    Removing stm32f1xx_hal_pwr.o(.text.HAL_PWR_PVD_IRQHandler), (30 bytes).
    Removing stm32f1xx_hal_pwr.o(.ARM.exidx.text.HAL_PWR_PVD_IRQHandler), (8 bytes).
    Removing stm32f1xx_hal_pwr.o(.text.HAL_PWR_PVDCallback), (2 bytes).
    Removing stm32f1xx_hal_pwr.o(.ARM.exidx.text.HAL_PWR_PVDCallback), (8 bytes).
    Removing stm32f1xx_hal_flash.o(.text), (0 bytes).
    Removing stm32f1xx_hal_flash.o(.text.HAL_FLASH_Program), (172 bytes).
    Removing stm32f1xx_hal_flash.o(.ARM.exidx.text.HAL_FLASH_Program), (8 bytes).
    Removing stm32f1xx_hal_flash.o(.text.FLASH_WaitForLastOperation), (224 bytes).
    Removing stm32f1xx_hal_flash.o(.ARM.exidx.text.FLASH_WaitForLastOperation), (8 bytes).
    Removing stm32f1xx_hal_flash.o(.text.HAL_FLASH_Program_IT), (110 bytes).
    Removing stm32f1xx_hal_flash.o(.ARM.exidx.text.HAL_FLASH_Program_IT), (8 bytes).
    Removing stm32f1xx_hal_flash.o(.text.HAL_FLASH_IRQHandler), (372 bytes).
    Removing stm32f1xx_hal_flash.o(.ARM.exidx.text.HAL_FLASH_IRQHandler), (8 bytes).
    Removing stm32f1xx_hal_flash.o(.text.HAL_FLASH_OperationErrorCallback), (2 bytes).
    Removing stm32f1xx_hal_flash.o(.ARM.exidx.text.HAL_FLASH_OperationErrorCallback), (8 bytes).
    Removing stm32f1xx_hal_flash.o(.text.HAL_FLASH_EndOfOperationCallback), (2 bytes).
    Removing stm32f1xx_hal_flash.o(.ARM.exidx.text.HAL_FLASH_EndOfOperationCallback), (8 bytes).
    Removing stm32f1xx_hal_flash.o(.text.HAL_FLASH_Unlock), (46 bytes).
    Removing stm32f1xx_hal_flash.o(.ARM.exidx.text.HAL_FLASH_Unlock), (8 bytes).
    Removing stm32f1xx_hal_flash.o(.text.HAL_FLASH_Lock), (20 bytes).
    Removing stm32f1xx_hal_flash.o(.ARM.exidx.text.HAL_FLASH_Lock), (8 bytes).
    Removing stm32f1xx_hal_flash.o(.text.HAL_FLASH_OB_Unlock), (42 bytes).
    Removing stm32f1xx_hal_flash.o(.ARM.exidx.text.HAL_FLASH_OB_Unlock), (8 bytes).
    Removing stm32f1xx_hal_flash.o(.text.HAL_FLASH_OB_Lock), (20 bytes).
    Removing stm32f1xx_hal_flash.o(.ARM.exidx.text.HAL_FLASH_OB_Lock), (8 bytes).
    Removing stm32f1xx_hal_flash.o(.text.HAL_FLASH_OB_Launch), (4 bytes).
    Removing stm32f1xx_hal_flash.o(.ARM.exidx.text.HAL_FLASH_OB_Launch), (8 bytes).
    Removing stm32f1xx_hal_flash.o(.text.HAL_FLASH_GetError), (12 bytes).
    Removing stm32f1xx_hal_flash.o(.ARM.exidx.text.HAL_FLASH_GetError), (8 bytes).
    Removing stm32f1xx_hal_flash.o(.bss.pFlash), (32 bytes).
    Removing stm32f1xx_hal_flash_ex.o(.text), (0 bytes).
    Removing stm32f1xx_hal_flash_ex.o(.text.HAL_FLASHEx_Erase), (238 bytes).
    Removing stm32f1xx_hal_flash_ex.o(.ARM.exidx.text.HAL_FLASHEx_Erase), (8 bytes).
    Removing stm32f1xx_hal_flash_ex.o(.text.FLASH_PageErase), (40 bytes).
    Removing stm32f1xx_hal_flash_ex.o(.ARM.exidx.text.FLASH_PageErase), (8 bytes).
    Removing stm32f1xx_hal_flash_ex.o(.text.HAL_FLASHEx_Erase_IT), (112 bytes).
    Removing stm32f1xx_hal_flash_ex.o(.ARM.exidx.text.HAL_FLASHEx_Erase_IT), (8 bytes).
    Removing stm32f1xx_hal_flash_ex.o(.text.HAL_FLASHEx_OBErase), (174 bytes).
    Removing stm32f1xx_hal_flash_ex.o(.ARM.exidx.text.HAL_FLASHEx_OBErase), (8 bytes).
    Removing stm32f1xx_hal_flash_ex.o(.text.HAL_FLASHEx_OBProgram), (686 bytes).
    Removing stm32f1xx_hal_flash_ex.o(.ARM.exidx.text.HAL_FLASHEx_OBProgram), (8 bytes).
    Removing stm32f1xx_hal_flash_ex.o(.text.HAL_FLASHEx_OBGetConfig), (42 bytes).
    Removing stm32f1xx_hal_flash_ex.o(.ARM.exidx.text.HAL_FLASHEx_OBGetConfig), (8 bytes).
    Removing stm32f1xx_hal_flash_ex.o(.text.HAL_FLASHEx_OBGetUserData), (34 bytes).
    Removing stm32f1xx_hal_flash_ex.o(.ARM.exidx.text.HAL_FLASHEx_OBGetUserData), (8 bytes).
    Removing stm32f1xx_hal_exti.o(.text), (0 bytes).
    Removing stm32f1xx_hal_exti.o(.text.HAL_EXTI_SetConfigLine), (180 bytes).
    Removing stm32f1xx_hal_exti.o(.ARM.exidx.text.HAL_EXTI_SetConfigLine), (8 bytes).
    Removing stm32f1xx_hal_exti.o(.text.HAL_EXTI_GetConfigLine), (150 bytes).
    Removing stm32f1xx_hal_exti.o(.ARM.exidx.text.HAL_EXTI_GetConfigLine), (8 bytes).
    Removing stm32f1xx_hal_exti.o(.text.HAL_EXTI_ClearConfigLine), (136 bytes).
    Removing stm32f1xx_hal_exti.o(.ARM.exidx.text.HAL_EXTI_ClearConfigLine), (8 bytes).
    Removing stm32f1xx_hal_exti.o(.text.HAL_EXTI_RegisterCallback), (12 bytes).
    Removing stm32f1xx_hal_exti.o(.ARM.exidx.text.HAL_EXTI_RegisterCallback), (8 bytes).
    Removing stm32f1xx_hal_exti.o(.text.HAL_EXTI_GetHandle), (12 bytes).
    Removing stm32f1xx_hal_exti.o(.ARM.exidx.text.HAL_EXTI_GetHandle), (8 bytes).
    Removing stm32f1xx_hal_exti.o(.text.HAL_EXTI_IRQHandler), (42 bytes).
    Removing stm32f1xx_hal_exti.o(.ARM.exidx.text.HAL_EXTI_IRQHandler), (8 bytes).
    Removing stm32f1xx_hal_exti.o(.text.HAL_EXTI_GetPending), (28 bytes).
    Removing stm32f1xx_hal_exti.o(.ARM.exidx.text.HAL_EXTI_GetPending), (8 bytes).
    Removing stm32f1xx_hal_exti.o(.text.HAL_EXTI_ClearPending), (24 bytes).
    Removing stm32f1xx_hal_exti.o(.ARM.exidx.text.HAL_EXTI_ClearPending), (8 bytes).
    Removing stm32f1xx_hal_exti.o(.text.HAL_EXTI_GenerateSWI), (24 bytes).
    Removing stm32f1xx_hal_exti.o(.ARM.exidx.text.HAL_EXTI_GenerateSWI), (8 bytes).
    Removing system_stm32f1xx.o(.text), (0 bytes).
    Removing system_stm32f1xx.o(.ARM.exidx.text.SystemInit), (8 bytes).
    Removing system_stm32f1xx.o(.text.SystemCoreClockUpdate), (112 bytes).
    Removing system_stm32f1xx.o(.ARM.exidx.text.SystemCoreClockUpdate), (8 bytes).

396 unused section(s) (total 15386 bytes) removed from the image.

==============================================================================

Image Symbol Table

    Local Symbols

    Symbol Name                              Value     Ov Type        Size  Object(Section)

    ../clib/microlib/init/entry.s            0x00000000   Number         0  entry.o ABSOLUTE
    ../clib/microlib/init/entry.s            0x00000000   Number         0  entry2.o ABSOLUTE
    ../clib/microlib/init/entry.s            0x00000000   Number         0  entry5.o ABSOLUTE
    ../clib/microlib/init/entry.s            0x00000000   Number         0  entry7a.o ABSOLUTE
    ../clib/microlib/init/entry.s            0x00000000   Number         0  entry7b.o ABSOLUTE
    ../clib/microlib/init/entry.s            0x00000000   Number         0  entry8a.o ABSOLUTE
    ../clib/microlib/init/entry.s            0x00000000   Number         0  entry8b.o ABSOLUTE
    ../clib/microlib/init/entry.s            0x00000000   Number         0  entry9a.o ABSOLUTE
    ../clib/microlib/init/entry.s            0x00000000   Number         0  entry9b.o ABSOLUTE
    ../clib/microlib/init/entry.s            0x00000000   Number         0  entry10a.o ABSOLUTE
    ../clib/microlib/init/entry.s            0x00000000   Number         0  entry10b.o ABSOLUTE
    ../clib/microlib/init/entry.s            0x00000000   Number         0  entry11a.o ABSOLUTE
    ../clib/microlib/init/entry.s            0x00000000   Number         0  entry11b.o ABSOLUTE
    ../clib/microlib/string/memset.c         0x00000000   Number         0  memseta.o ABSOLUTE
    ../clib/microlib/string/strstr.c         0x00000000   Number         0  strstr.o ABSOLUTE
    My_esp8266.c                             0x00000000   Number         0  my_esp8266.o ABSOLUTE
    dc.s                                     0x00000000   Number         0  dc.o ABSOLUTE
    gpio.c                                   0x00000000   Number         0  gpio.o ABSOLUTE
    handlers.s                               0x00000000   Number         0  handlers.o ABSOLUTE
    init.s                                   0x00000000   Number         0  init.o ABSOLUTE
    main.c                                   0x00000000   Number         0  main.o ABSOLUTE
    startup_stm32f103xb.s                    0x00000000   Number         0  startup_stm32f103xb.o ABSOLUTE
    stm32f1xx_hal.c                          0x00000000   Number         0  stm32f1xx_hal.o ABSOLUTE
    stm32f1xx_hal_cortex.c                   0x00000000   Number         0  stm32f1xx_hal_cortex.o ABSOLUTE
    stm32f1xx_hal_dma.c                      0x00000000   Number         0  stm32f1xx_hal_dma.o ABSOLUTE
    stm32f1xx_hal_exti.c                     0x00000000   Number         0  stm32f1xx_hal_exti.o ABSOLUTE
    stm32f1xx_hal_flash.c                    0x00000000   Number         0  stm32f1xx_hal_flash.o ABSOLUTE
    stm32f1xx_hal_flash_ex.c                 0x00000000   Number         0  stm32f1xx_hal_flash_ex.o ABSOLUTE
    stm32f1xx_hal_gpio.c                     0x00000000   Number         0  stm32f1xx_hal_gpio.o ABSOLUTE
    stm32f1xx_hal_gpio_ex.c                  0x00000000   Number         0  stm32f1xx_hal_gpio_ex.o ABSOLUTE
    stm32f1xx_hal_msp.c                      0x00000000   Number         0  stm32f1xx_hal_msp.o ABSOLUTE
    stm32f1xx_hal_pwr.c                      0x00000000   Number         0  stm32f1xx_hal_pwr.o ABSOLUTE
    stm32f1xx_hal_rcc.c                      0x00000000   Number         0  stm32f1xx_hal_rcc.o ABSOLUTE
    stm32f1xx_hal_rcc_ex.c                   0x00000000   Number         0  stm32f1xx_hal_rcc_ex.o ABSOLUTE
    stm32f1xx_hal_tim.c                      0x00000000   Number         0  stm32f1xx_hal_tim.o ABSOLUTE
    stm32f1xx_hal_tim_ex.c                   0x00000000   Number         0  stm32f1xx_hal_tim_ex.o ABSOLUTE
    stm32f1xx_hal_uart.c                     0x00000000   Number         0  stm32f1xx_hal_uart.o ABSOLUTE
    stm32f1xx_it.c                           0x00000000   Number         0  stm32f1xx_it.o ABSOLUTE
    system_stm32f1xx.c                       0x00000000   Number         0  system_stm32f1xx.o ABSOLUTE
    usart.c                                  0x00000000   Number         0  usart.o ABSOLUTE
    RESET                                    0x08000000   Section      236  startup_stm32f103xb.o(RESET)
    .ARM.Collect$$$$00000000                 0x080000ec   Section        0  entry.o(.ARM.Collect$$$$00000000)
    .ARM.Collect$$$$00000001                 0x080000ec   Section        4  entry2.o(.ARM.Collect$$$$00000001)
    .ARM.Collect$$$$00000004                 0x080000f0   Section        4  entry5.o(.ARM.Collect$$$$00000004)
    .ARM.Collect$$$$00000008                 0x080000f4   Section        0  entry7b.o(.ARM.Collect$$$$00000008)
    .ARM.Collect$$$$0000000A                 0x080000f4   Section        0  entry8b.o(.ARM.Collect$$$$0000000A)
    .ARM.Collect$$$$0000000B                 0x080000f4   Section        8  entry9a.o(.ARM.Collect$$$$0000000B)
    __lit__00000000                          0x080000fc   Data           4  entry2.o(.ARM.Collect$$$$00002712)
    .ARM.Collect$$$$0000000D                 0x080000fc   Section        0  entry10a.o(.ARM.Collect$$$$0000000D)
    .ARM.Collect$$$$0000000F                 0x080000fc   Section        0  entry11a.o(.ARM.Collect$$$$0000000F)
    .ARM.Collect$$$$00002712                 0x080000fc   Section        4  entry2.o(.ARM.Collect$$$$00002712)
    .text                                    0x08000100   Section       36  startup_stm32f103xb.o(.text)
    .text                                    0x08000124   Section        0  memseta.o(.text)
    .text                                    0x08000148   Section        0  strstr.o(.text)
    .text                                    0x0800016c   Section       36  init.o(.text)
    [Anonymous Symbol]                       0x08000190   Section        0  stm32f1xx_it.o(.text.BusFault_Handler)
    [Anonymous Symbol]                       0x08000194   Section        0  stm32f1xx_it.o(.text.DebugMon_Handler)
    [Anonymous Symbol]                       0x08000198   Section        0  main.o(.text.Error_Handler)
    [Anonymous Symbol]                       0x080001a4   Section        0  stm32f1xx_hal_dma.o(.text.HAL_DMA_Abort)
    [Anonymous Symbol]                       0x080001ec   Section        0  stm32f1xx_hal_dma.o(.text.HAL_DMA_Abort_IT)
    [Anonymous Symbol]                       0x08000298   Section        0  stm32f1xx_hal.o(.text.HAL_Delay)
    [Anonymous Symbol]                       0x080002c0   Section        0  stm32f1xx_hal_gpio.o(.text.HAL_GPIO_Init)
    [Anonymous Symbol]                       0x080004dc   Section        0  stm32f1xx_hal_gpio.o(.text.HAL_GPIO_WritePin)
    [Anonymous Symbol]                       0x080004e8   Section        0  stm32f1xx_hal.o(.text.HAL_GetTick)
    [Anonymous Symbol]                       0x080004f4   Section        0  stm32f1xx_hal.o(.text.HAL_IncTick)
    [Anonymous Symbol]                       0x08000510   Section        0  stm32f1xx_hal.o(.text.HAL_Init)
    [Anonymous Symbol]                       0x08000538   Section        0  stm32f1xx_hal.o(.text.HAL_InitTick)
    [Anonymous Symbol]                       0x08000580   Section        0  stm32f1xx_hal_msp.o(.text.HAL_MspInit)
    [Anonymous Symbol]                       0x080005c4   Section        0  stm32f1xx_hal_cortex.o(.text.HAL_NVIC_EnableIRQ)
    [Anonymous Symbol]                       0x080005ec   Section        0  stm32f1xx_hal_cortex.o(.text.HAL_NVIC_SetPriority)
    [Anonymous Symbol]                       0x08000644   Section        0  stm32f1xx_hal_cortex.o(.text.HAL_NVIC_SetPriorityGrouping)
    [Anonymous Symbol]                       0x08000664   Section        0  stm32f1xx_hal_rcc.o(.text.HAL_RCC_ClockConfig)
    [Anonymous Symbol]                       0x08000824   Section        0  stm32f1xx_hal_rcc.o(.text.HAL_RCC_GetPCLK1Freq)
    [Anonymous Symbol]                       0x0800084c   Section        0  stm32f1xx_hal_rcc.o(.text.HAL_RCC_GetPCLK2Freq)
    [Anonymous Symbol]                       0x08000874   Section        0  stm32f1xx_hal_rcc.o(.text.HAL_RCC_OscConfig)
    [Anonymous Symbol]                       0x08000c28   Section        0  stm32f1xx_hal_cortex.o(.text.HAL_SYSTICK_Config)
    [Anonymous Symbol]                       0x08000c54   Section        0  stm32f1xx_hal_uart.o(.text.HAL_UARTEx_RxEventCallback)
    [Anonymous Symbol]                       0x08000c58   Section        0  stm32f1xx_hal_uart.o(.text.HAL_UART_ErrorCallback)
    [Anonymous Symbol]                       0x08000c5c   Section        0  stm32f1xx_hal_uart.o(.text.HAL_UART_GetState)
    [Anonymous Symbol]                       0x08000c6c   Section        0  stm32f1xx_hal_uart.o(.text.HAL_UART_IRQHandler)
    [Anonymous Symbol]                       0x08000edc   Section        0  stm32f1xx_hal_uart.o(.text.HAL_UART_Init)
    [Anonymous Symbol]                       0x08000fbc   Section        0  usart.o(.text.HAL_UART_MspInit)
    [Anonymous Symbol]                       0x080010c0   Section        0  stm32f1xx_hal_uart.o(.text.HAL_UART_Receive_IT)
    [Anonymous Symbol]                       0x08001118   Section        0  main.o(.text.HAL_UART_RxCpltCallback)
    [Anonymous Symbol]                       0x080011e8   Section        0  stm32f1xx_hal_uart.o(.text.HAL_UART_Transmit)
    [Anonymous Symbol]                       0x0800138c   Section        0  stm32f1xx_hal_uart.o(.text.HAL_UART_TxCpltCallback)
    [Anonymous Symbol]                       0x08001390   Section        0  stm32f1xx_it.o(.text.HardFault_Handler)
    [Anonymous Symbol]                       0x08001394   Section        0  gpio.o(.text.MX_GPIO_Init)
    [Anonymous Symbol]                       0x0800141c   Section        0  usart.o(.text.MX_USART1_UART_Init)
    [Anonymous Symbol]                       0x08001458   Section        0  usart.o(.text.MX_USART3_UART_Init)
    [Anonymous Symbol]                       0x08001494   Section        0  stm32f1xx_it.o(.text.MemManage_Handler)
    [Anonymous Symbol]                       0x08001498   Section        0  stm32f1xx_it.o(.text.NMI_Handler)
    [Anonymous Symbol]                       0x0800149c   Section        0  stm32f1xx_it.o(.text.PendSV_Handler)
    [Anonymous Symbol]                       0x080014a0   Section        0  stm32f1xx_it.o(.text.SVC_Handler)
    [Anonymous Symbol]                       0x080014a4   Section        0  stm32f1xx_it.o(.text.SysTick_Handler)
    [Anonymous Symbol]                       0x080014a8   Section        0  system_stm32f1xx.o(.text.SystemInit)
    UART_DMAAbortOnError                     0x080014ad   Thumb Code    12  stm32f1xx_hal_uart.o(.text.UART_DMAAbortOnError)
    [Anonymous Symbol]                       0x080014ac   Section        0  stm32f1xx_hal_uart.o(.text.UART_DMAAbortOnError)
    UART_Receive_IT                          0x080014b9   Thumb Code   182  stm32f1xx_hal_uart.o(.text.UART_Receive_IT)
    [Anonymous Symbol]                       0x080014b8   Section        0  stm32f1xx_hal_uart.o(.text.UART_Receive_IT)
    [Anonymous Symbol]                       0x08001570   Section        0  stm32f1xx_it.o(.text.USART3_IRQHandler)
    [Anonymous Symbol]                       0x0800157c   Section        0  stm32f1xx_it.o(.text.UsageFault_Handler)
    [Anonymous Symbol]                       0x08001580   Section        0  my_esp8266.o(.text.esp8266_send_cmd)
    [Anonymous Symbol]                       0x08001674   Section        0  my_esp8266.o(.text.esp8266_start_trans)
    [Anonymous Symbol]                       0x0800174c   Section        0  main.o(.text.main)
    i.__scatterload_copy                     0x0800186e   Section       14  handlers.o(i.__scatterload_copy)
    i.__scatterload_null                     0x0800187c   Section        2  handlers.o(i.__scatterload_null)
    i.__scatterload_zeroinit                 0x0800187e   Section       14  handlers.o(i.__scatterload_zeroinit)
    .L__const.HAL_RCC_GetSysClockFreq.aPredivFactorTable 0x0800188c   Data           2  stm32f1xx_hal_rcc.o(.rodata..L__const.HAL_RCC_GetSysClockFreq.aPredivFactorTable)
    .L__const.HAL_RCC_GetSysClockFreq.aPLLMULFactorTable 0x080018a6   Data          16  stm32f1xx_hal_rcc.o(.rodata.cst16)
    .L.str                                   0x080018b6   Data           3  my_esp8266.o(.rodata.str1.1)
    .L.str.1                                 0x080018b6   Data           3  my_esp8266.o(.rodata.str1.1)
    [Anonymous Symbol]                       0x080018b6   Section        0  my_esp8266.o(.rodata.str1.1)
    .L.str.1                                 0x080018b9   Data           6  main.o(.rodata.str1.1)
    [Anonymous Symbol]                       0x080018b9   Section        0  main.o(.rodata.str1.1)
    .L.str                                   0x080018bf   Data           5  main.o(.rodata.str1.1)
    .L_MergedGlobals                         0x20000000   Data           8  stm32f1xx_hal.o(.data..L_MergedGlobals)
    [Anonymous Symbol]                       0x20000000   Section        0  stm32f1xx_hal.o(.data..L_MergedGlobals)
    .L_MergedGlobals                         0x20000010   Data          20  main.o(.bss..L_MergedGlobals)
    [Anonymous Symbol]                       0x20000010   Section        0  main.o(.bss..L_MergedGlobals)
    HAL_UART_RxCpltCallback.Uart3_count      0x20000014   Data           1  main.o(.bss..L_MergedGlobals)
    STACK                                    0x200001b0   Section     1024  startup_stm32f103xb.o(STACK)

    Global Symbols

    Symbol Name                              Value     Ov Type        Size  Object(Section)

    BuildAttributes$$THM_ISAv4$P$D$K$B$S$PE$A:L22UL41UL21$X:L11$S22US41US21$IEEE1$IW$~IW$USESV6$~STKCKD$USESV7$~SHL$OTIME$EBA8$MICROLIB$REQ8$PRES8$EABIv2 0x00000000   Number         0  anon$$obj.o ABSOLUTE
    __cpp_initialize__aeabi_                  - Undefined Weak Reference
    __cxa_finalize                            - Undefined Weak Reference
    __decompress                              - Undefined Weak Reference
    _clock_init                               - Undefined Weak Reference
    _microlib_exit                            - Undefined Weak Reference
    __Vectors_Size                           0x000000ec   Number         0  startup_stm32f103xb.o ABSOLUTE
    __Vectors                                0x08000000   Data           4  startup_stm32f103xb.o(RESET)
    __Vectors_End                            0x080000ec   Data           0  startup_stm32f103xb.o(RESET)
    __main                                   0x080000ed   Thumb Code     0  entry.o(.ARM.Collect$$$$00000000)
    _main_stk                                0x080000ed   Thumb Code     0  entry2.o(.ARM.Collect$$$$00000001)
    _main_scatterload                        0x080000f1   Thumb Code     0  entry5.o(.ARM.Collect$$$$00000004)
    __main_after_scatterload                 0x080000f5   Thumb Code     0  entry5.o(.ARM.Collect$$$$00000004)
    _main_clock                              0x080000f5   Thumb Code     0  entry7b.o(.ARM.Collect$$$$00000008)
    _main_cpp_init                           0x080000f5   Thumb Code     0  entry8b.o(.ARM.Collect$$$$0000000A)
    _main_init                               0x080000f5   Thumb Code     0  entry9a.o(.ARM.Collect$$$$0000000B)
    __rt_final_cpp                           0x080000fd   Thumb Code     0  entry10a.o(.ARM.Collect$$$$0000000D)
    __rt_final_exit                          0x080000fd   Thumb Code     0  entry11a.o(.ARM.Collect$$$$0000000F)
    Reset_Handler                            0x08000101   Thumb Code     8  startup_stm32f103xb.o(.text)
    ADC1_2_IRQHandler                        0x0800011b   Thumb Code     0  startup_stm32f103xb.o(.text)
    CAN1_RX1_IRQHandler                      0x0800011b   Thumb Code     0  startup_stm32f103xb.o(.text)
    CAN1_SCE_IRQHandler                      0x0800011b   Thumb Code     0  startup_stm32f103xb.o(.text)
    DMA1_Channel1_IRQHandler                 0x0800011b   Thumb Code     0  startup_stm32f103xb.o(.text)
    DMA1_Channel2_IRQHandler                 0x0800011b   Thumb Code     0  startup_stm32f103xb.o(.text)
    DMA1_Channel3_IRQHandler                 0x0800011b   Thumb Code     0  startup_stm32f103xb.o(.text)
    DMA1_Channel4_IRQHandler                 0x0800011b   Thumb Code     0  startup_stm32f103xb.o(.text)
    DMA1_Channel5_IRQHandler                 0x0800011b   Thumb Code     0  startup_stm32f103xb.o(.text)
    DMA1_Channel6_IRQHandler                 0x0800011b   Thumb Code     0  startup_stm32f103xb.o(.text)
    DMA1_Channel7_IRQHandler                 0x0800011b   Thumb Code     0  startup_stm32f103xb.o(.text)
    EXTI0_IRQHandler                         0x0800011b   Thumb Code     0  startup_stm32f103xb.o(.text)
    EXTI15_10_IRQHandler                     0x0800011b   Thumb Code     0  startup_stm32f103xb.o(.text)
    EXTI1_IRQHandler                         0x0800011b   Thumb Code     0  startup_stm32f103xb.o(.text)
    EXTI2_IRQHandler                         0x0800011b   Thumb Code     0  startup_stm32f103xb.o(.text)
    EXTI3_IRQHandler                         0x0800011b   Thumb Code     0  startup_stm32f103xb.o(.text)
    EXTI4_IRQHandler                         0x0800011b   Thumb Code     0  startup_stm32f103xb.o(.text)
    EXTI9_5_IRQHandler                       0x0800011b   Thumb Code     0  startup_stm32f103xb.o(.text)
    FLASH_IRQHandler                         0x0800011b   Thumb Code     0  startup_stm32f103xb.o(.text)
    I2C1_ER_IRQHandler                       0x0800011b   Thumb Code     0  startup_stm32f103xb.o(.text)
    I2C1_EV_IRQHandler                       0x0800011b   Thumb Code     0  startup_stm32f103xb.o(.text)
    I2C2_ER_IRQHandler                       0x0800011b   Thumb Code     0  startup_stm32f103xb.o(.text)
    I2C2_EV_IRQHandler                       0x0800011b   Thumb Code     0  startup_stm32f103xb.o(.text)
    PVD_IRQHandler                           0x0800011b   Thumb Code     0  startup_stm32f103xb.o(.text)
    RCC_IRQHandler                           0x0800011b   Thumb Code     0  startup_stm32f103xb.o(.text)
    RTC_Alarm_IRQHandler                     0x0800011b   Thumb Code     0  startup_stm32f103xb.o(.text)
    RTC_IRQHandler                           0x0800011b   Thumb Code     0  startup_stm32f103xb.o(.text)
    SPI1_IRQHandler                          0x0800011b   Thumb Code     0  startup_stm32f103xb.o(.text)
    SPI2_IRQHandler                          0x0800011b   Thumb Code     0  startup_stm32f103xb.o(.text)
    TAMPER_IRQHandler                        0x0800011b   Thumb Code     0  startup_stm32f103xb.o(.text)
    TIM1_BRK_IRQHandler                      0x0800011b   Thumb Code     0  startup_stm32f103xb.o(.text)
    TIM1_CC_IRQHandler                       0x0800011b   Thumb Code     0  startup_stm32f103xb.o(.text)
    TIM1_TRG_COM_IRQHandler                  0x0800011b   Thumb Code     0  startup_stm32f103xb.o(.text)
    TIM1_UP_IRQHandler                       0x0800011b   Thumb Code     0  startup_stm32f103xb.o(.text)
    TIM2_IRQHandler                          0x0800011b   Thumb Code     0  startup_stm32f103xb.o(.text)
    TIM3_IRQHandler                          0x0800011b   Thumb Code     0  startup_stm32f103xb.o(.text)
    TIM4_IRQHandler                          0x0800011b   Thumb Code     0  startup_stm32f103xb.o(.text)
    USART1_IRQHandler                        0x0800011b   Thumb Code     0  startup_stm32f103xb.o(.text)
    USART2_IRQHandler                        0x0800011b   Thumb Code     0  startup_stm32f103xb.o(.text)
    USBWakeUp_IRQHandler                     0x0800011b   Thumb Code     0  startup_stm32f103xb.o(.text)
    USB_HP_CAN1_TX_IRQHandler                0x0800011b   Thumb Code     0  startup_stm32f103xb.o(.text)
    USB_LP_CAN1_RX0_IRQHandler               0x0800011b   Thumb Code     0  startup_stm32f103xb.o(.text)
    WWDG_IRQHandler                          0x0800011b   Thumb Code     0  startup_stm32f103xb.o(.text)
    __aeabi_memset                           0x08000125   Thumb Code    14  memseta.o(.text)
    __aeabi_memset4                          0x08000125   Thumb Code     0  memseta.o(.text)
    __aeabi_memset8                          0x08000125   Thumb Code     0  memseta.o(.text)
    __aeabi_memclr                           0x08000133   Thumb Code     4  memseta.o(.text)
    __aeabi_memclr4                          0x08000133   Thumb Code     0  memseta.o(.text)
    __aeabi_memclr8                          0x08000133   Thumb Code     0  memseta.o(.text)
    _memset$wrapper                          0x08000137   Thumb Code    18  memseta.o(.text)
    strstr                                   0x08000149   Thumb Code    36  strstr.o(.text)
    __scatterload                            0x0800016d   Thumb Code    28  init.o(.text)
    __scatterload_rt2                        0x0800016d   Thumb Code     0  init.o(.text)
    BusFault_Handler                         0x08000191   Thumb Code     2  stm32f1xx_it.o(.text.BusFault_Handler)
    DebugMon_Handler                         0x08000195   Thumb Code     2  stm32f1xx_it.o(.text.DebugMon_Handler)
    Error_Handler                            0x08000199   Thumb Code    10  main.o(.text.Error_Handler)
    HAL_DMA_Abort                            0x080001a5   Thumb Code    70  stm32f1xx_hal_dma.o(.text.HAL_DMA_Abort)
    HAL_DMA_Abort_IT                         0x080001ed   Thumb Code   170  stm32f1xx_hal_dma.o(.text.HAL_DMA_Abort_IT)
    HAL_Delay                                0x08000299   Thumb Code    40  stm32f1xx_hal.o(.text.HAL_Delay)
    HAL_GPIO_Init                            0x080002c1   Thumb Code   538  stm32f1xx_hal_gpio.o(.text.HAL_GPIO_Init)
    HAL_GPIO_WritePin                        0x080004dd   Thumb Code    10  stm32f1xx_hal_gpio.o(.text.HAL_GPIO_WritePin)
    HAL_GetTick                              0x080004e9   Thumb Code    12  stm32f1xx_hal.o(.text.HAL_GetTick)
    HAL_IncTick                              0x080004f5   Thumb Code    26  stm32f1xx_hal.o(.text.HAL_IncTick)
    HAL_Init                                 0x08000511   Thumb Code    38  stm32f1xx_hal.o(.text.HAL_Init)
    HAL_InitTick                             0x08000539   Thumb Code    72  stm32f1xx_hal.o(.text.HAL_InitTick)
    HAL_MspInit                              0x08000581   Thumb Code    66  stm32f1xx_hal_msp.o(.text.HAL_MspInit)
    HAL_NVIC_EnableIRQ                       0x080005c5   Thumb Code    38  stm32f1xx_hal_cortex.o(.text.HAL_NVIC_EnableIRQ)
    HAL_NVIC_SetPriority                     0x080005ed   Thumb Code    86  stm32f1xx_hal_cortex.o(.text.HAL_NVIC_SetPriority)
    HAL_NVIC_SetPriorityGrouping             0x08000645   Thumb Code    32  stm32f1xx_hal_cortex.o(.text.HAL_NVIC_SetPriorityGrouping)
    HAL_RCC_ClockConfig                      0x08000665   Thumb Code   446  stm32f1xx_hal_rcc.o(.text.HAL_RCC_ClockConfig)
    HAL_RCC_GetPCLK1Freq                     0x08000825   Thumb Code    38  stm32f1xx_hal_rcc.o(.text.HAL_RCC_GetPCLK1Freq)
    HAL_RCC_GetPCLK2Freq                     0x0800084d   Thumb Code    38  stm32f1xx_hal_rcc.o(.text.HAL_RCC_GetPCLK2Freq)
    HAL_RCC_OscConfig                        0x08000875   Thumb Code   948  stm32f1xx_hal_rcc.o(.text.HAL_RCC_OscConfig)
    HAL_SYSTICK_Config                       0x08000c29   Thumb Code    44  stm32f1xx_hal_cortex.o(.text.HAL_SYSTICK_Config)
    HAL_UARTEx_RxEventCallback               0x08000c55   Thumb Code     2  stm32f1xx_hal_uart.o(.text.HAL_UARTEx_RxEventCallback)
    HAL_UART_ErrorCallback                   0x08000c59   Thumb Code     2  stm32f1xx_hal_uart.o(.text.HAL_UART_ErrorCallback)
    HAL_UART_GetState                        0x08000c5d   Thumb Code    14  stm32f1xx_hal_uart.o(.text.HAL_UART_GetState)
    HAL_UART_IRQHandler                      0x08000c6d   Thumb Code   624  stm32f1xx_hal_uart.o(.text.HAL_UART_IRQHandler)
    HAL_UART_Init                            0x08000edd   Thumb Code   224  stm32f1xx_hal_uart.o(.text.HAL_UART_Init)
    HAL_UART_MspInit                         0x08000fbd   Thumb Code   258  usart.o(.text.HAL_UART_MspInit)
    HAL_UART_Receive_IT                      0x080010c1   Thumb Code    86  stm32f1xx_hal_uart.o(.text.HAL_UART_Receive_IT)
    HAL_UART_RxCpltCallback                  0x08001119   Thumb Code   208  main.o(.text.HAL_UART_RxCpltCallback)
    HAL_UART_Transmit                        0x080011e9   Thumb Code   420  stm32f1xx_hal_uart.o(.text.HAL_UART_Transmit)
    HAL_UART_TxCpltCallback                  0x0800138d   Thumb Code     2  stm32f1xx_hal_uart.o(.text.HAL_UART_TxCpltCallback)
    HardFault_Handler                        0x08001391   Thumb Code     2  stm32f1xx_it.o(.text.HardFault_Handler)
    MX_GPIO_Init                             0x08001395   Thumb Code   134  gpio.o(.text.MX_GPIO_Init)
    MX_USART1_UART_Init                      0x0800141d   Thumb Code    60  usart.o(.text.MX_USART1_UART_Init)
    MX_USART3_UART_Init                      0x08001459   Thumb Code    60  usart.o(.text.MX_USART3_UART_Init)
    MemManage_Handler                        0x08001495   Thumb Code     2  stm32f1xx_it.o(.text.MemManage_Handler)
    NMI_Handler                              0x08001499   Thumb Code     2  stm32f1xx_it.o(.text.NMI_Handler)
    PendSV_Handler                           0x0800149d   Thumb Code     2  stm32f1xx_it.o(.text.PendSV_Handler)
    SVC_Handler                              0x080014a1   Thumb Code     2  stm32f1xx_it.o(.text.SVC_Handler)
    SysTick_Handler                          0x080014a5   Thumb Code     4  stm32f1xx_it.o(.text.SysTick_Handler)
    SystemInit                               0x080014a9   Thumb Code     2  system_stm32f1xx.o(.text.SystemInit)
    USART3_IRQHandler                        0x08001571   Thumb Code    12  stm32f1xx_it.o(.text.USART3_IRQHandler)
    UsageFault_Handler                       0x0800157d   Thumb Code     2  stm32f1xx_it.o(.text.UsageFault_Handler)
    esp8266_send_cmd                         0x08001581   Thumb Code   244  my_esp8266.o(.text.esp8266_send_cmd)
    esp8266_start_trans                      0x08001675   Thumb Code   108  my_esp8266.o(.text.esp8266_start_trans)
    main                                     0x0800174d   Thumb Code   290  main.o(.text.main)
    __scatterload_copy                       0x0800186f   Thumb Code    14  handlers.o(i.__scatterload_copy)
    __scatterload_null                       0x0800187d   Thumb Code     2  handlers.o(i.__scatterload_null)
    __scatterload_zeroinit                   0x0800187f   Thumb Code    14  handlers.o(i.__scatterload_zeroinit)
    AHBPrescTable                            0x0800188e   Data          16  system_stm32f1xx.o(.rodata.AHBPrescTable)
    APBPrescTable                            0x0800189e   Data           8  system_stm32f1xx.o(.rodata.APBPrescTable)
    Region$$Table$$Base                      0x080018c4   Number         0  anon$$obj.o(Region$$Table)
    Region$$Table$$Limit                     0x080018e4   Number         0  anon$$obj.o(Region$$Table)
    uwTickFreq                               0x20000000   Data           1  stm32f1xx_hal.o(.data..L_MergedGlobals)
    uwTickPrio                               0x20000004   Data           4  stm32f1xx_hal.o(.data..L_MergedGlobals)
    SystemCoreClock                          0x20000008   Data           4  system_stm32f1xx.o(.data.SystemCoreClock)
    Uart3_Rx_Cnt                             0x20000010   Data           1  main.o(.bss..L_MergedGlobals)
    my_test_v                                0x20000011   Data           1  main.o(.bss..L_MergedGlobals)
    receive_flag                             0x20000012   Data           1  main.o(.bss..L_MergedGlobals)
    aRxBuffer                                0x20000013   Data           1  main.o(.bss..L_MergedGlobals)
    my_order                                 0x20000015   Data          15  main.o(.bss..L_MergedGlobals)
    RxBuffer                                 0x20000024   Data         256  main.o(.bss.RxBuffer)
    huart1                                   0x20000124   Data          68  usart.o(.bss.huart1)
    huart3                                   0x20000168   Data          68  usart.o(.bss.huart3)
    uwTick                                   0x200001ac   Data           4  stm32f1xx_hal.o(.bss.uwTick)
    __initial_sp                             0x200005b0   Data           0  startup_stm32f103xb.o(STACK)



==============================================================================

Memory Map of the image

  Image Entry point : 0x080000ed

  Load Region LR_IROM1 (Base: 0x08000000, Size: 0x000018f8, Max: 0x00010000, ABSOLUTE)

    Execution Region ER_IROM1 (Exec base: 0x08000000, Load base: 0x08000000, Size: 0x000018e4, Max: 0x00010000, ABSOLUTE)

    Exec Addr    Load Addr    Size         Type   Attr      Idx    E Section Name        Object

    0x08000000   0x08000000   0x000000ec   Data   RO            3    RESET               startup_stm32f103xb.o
    0x080000ec   0x080000ec   0x00000000   Code   RO          596  * .ARM.Collect$$$$00000000  mc_w.l(entry.o)
    0x080000ec   0x080000ec   0x00000004   Code   RO          603    .ARM.Collect$$$$00000001  mc_w.l(entry2.o)
    0x080000f0   0x080000f0   0x00000004   Code   RO          606    .ARM.Collect$$$$00000004  mc_w.l(entry5.o)
    0x080000f4   0x080000f4   0x00000000   Code   RO          608    .ARM.Collect$$$$00000008  mc_w.l(entry7b.o)
    0x080000f4   0x080000f4   0x00000000   Code   RO          610    .ARM.Collect$$$$0000000A  mc_w.l(entry8b.o)
    0x080000f4   0x080000f4   0x00000008   Code   RO          611    .ARM.Collect$$$$0000000B  mc_w.l(entry9a.o)
    0x080000fc   0x080000fc   0x00000000   Code   RO          613    .ARM.Collect$$$$0000000D  mc_w.l(entry10a.o)
    0x080000fc   0x080000fc   0x00000000   Code   RO          615    .ARM.Collect$$$$0000000F  mc_w.l(entry11a.o)
    0x080000fc   0x080000fc   0x00000004   Code   RO          604    .ARM.Collect$$$$00002712  mc_w.l(entry2.o)
    0x08000100   0x08000100   0x00000024   Code   RO            4    .text               startup_stm32f103xb.o
    0x08000124   0x08000124   0x00000024   Code   RO          599    .text               mc_w.l(memseta.o)
    0x08000148   0x08000148   0x00000024   Code   RO          601    .text               mc_w.l(strstr.o)
    0x0800016c   0x0800016c   0x00000024   Code   RO          617    .text               mc_w.l(init.o)
    0x08000190   0x08000190   0x00000002   Code   RO           85    .text.BusFault_Handler  stm32f1xx_it.o
    0x08000192   0x08000192   0x00000002   PAD
    0x08000194   0x08000194   0x00000002   Code   RO           91    .text.DebugMon_Handler  stm32f1xx_it.o
    0x08000196   0x08000196   0x00000002   PAD
    0x08000198   0x08000198   0x0000000a   Code   RO           36    .text.Error_Handler  main.o
    0x080001a2   0x080001a2   0x00000002   PAD
    0x080001a4   0x080001a4   0x00000046   Code   RO          393    .text.HAL_DMA_Abort  stm32f1xx_hal_dma.o
    0x080001ea   0x080001ea   0x00000002   PAD
    0x080001ec   0x080001ec   0x000000aa   Code   RO          395    .text.HAL_DMA_Abort_IT  stm32f1xx_hal_dma.o
    0x08000296   0x08000296   0x00000002   PAD
    0x08000298   0x08000298   0x00000028   Code   RO          269    .text.HAL_Delay     stm32f1xx_hal.o
    0x080002c0   0x080002c0   0x0000021a   Code   RO          361    .text.HAL_GPIO_Init  stm32f1xx_hal_gpio.o
    0x080004da   0x080004da   0x00000002   PAD
    0x080004dc   0x080004dc   0x0000000a   Code   RO          367    .text.HAL_GPIO_WritePin  stm32f1xx_hal_gpio.o
    0x080004e6   0x080004e6   0x00000002   PAD
    0x080004e8   0x080004e8   0x0000000c   Code   RO          261    .text.HAL_GetTick   stm32f1xx_hal.o
    0x080004f4   0x080004f4   0x0000001a   Code   RO          259    .text.HAL_IncTick   stm32f1xx_hal.o
    0x0800050e   0x0800050e   0x00000002   PAD
    0x08000510   0x08000510   0x00000026   Code   RO          249    .text.HAL_Init      stm32f1xx_hal.o
    0x08000536   0x08000536   0x00000002   PAD
    0x08000538   0x08000538   0x00000048   Code   RO          251    .text.HAL_InitTick  stm32f1xx_hal.o
    0x08000580   0x08000580   0x00000042   Code   RO          106    .text.HAL_MspInit   stm32f1xx_hal_msp.o
    0x080005c2   0x080005c2   0x00000002   PAD
    0x080005c4   0x080005c4   0x00000026   Code   RO          421    .text.HAL_NVIC_EnableIRQ  stm32f1xx_hal_cortex.o
    0x080005ea   0x080005ea   0x00000002   PAD
    0x080005ec   0x080005ec   0x00000056   Code   RO          419    .text.HAL_NVIC_SetPriority  stm32f1xx_hal_cortex.o
    0x08000642   0x08000642   0x00000002   PAD
    0x08000644   0x08000644   0x00000020   Code   RO          417    .text.HAL_NVIC_SetPriorityGrouping  stm32f1xx_hal_cortex.o
    0x08000664   0x08000664   0x000001be   Code   RO          313    .text.HAL_RCC_ClockConfig  stm32f1xx_hal_rcc.o
    0x08000822   0x08000822   0x00000002   PAD
    0x08000824   0x08000824   0x00000026   Code   RO          325    .text.HAL_RCC_GetPCLK1Freq  stm32f1xx_hal_rcc.o
    0x0800084a   0x0800084a   0x00000002   PAD
    0x0800084c   0x0800084c   0x00000026   Code   RO          327    .text.HAL_RCC_GetPCLK2Freq  stm32f1xx_hal_rcc.o
    0x08000872   0x08000872   0x00000002   PAD
    0x08000874   0x08000874   0x000003b4   Code   RO          311    .text.HAL_RCC_OscConfig  stm32f1xx_hal_rcc.o
    0x08000c28   0x08000c28   0x0000002c   Code   RO          429    .text.HAL_SYSTICK_Config  stm32f1xx_hal_cortex.o
    0x08000c54   0x08000c54   0x00000002   Code   RO          213    .text.HAL_UARTEx_RxEventCallback  stm32f1xx_hal_uart.o
    0x08000c56   0x08000c56   0x00000002   PAD
    0x08000c58   0x08000c58   0x00000002   Code   RO          211    .text.HAL_UART_ErrorCallback  stm32f1xx_hal_uart.o
    0x08000c5a   0x08000c5a   0x00000002   PAD
    0x08000c5c   0x08000c5c   0x0000000e   Code   RO          233    .text.HAL_UART_GetState  stm32f1xx_hal_uart.o
    0x08000c6a   0x08000c6a   0x00000002   PAD
    0x08000c6c   0x08000c6c   0x00000270   Code   RO          205    .text.HAL_UART_IRQHandler  stm32f1xx_hal_uart.o
    0x08000edc   0x08000edc   0x000000e0   Code   RO          131    .text.HAL_UART_Init  stm32f1xx_hal_uart.o
    0x08000fbc   0x08000fbc   0x00000102   Code   RO           65    .text.HAL_UART_MspInit  usart.o
    0x080010be   0x080010be   0x00000002   PAD
    0x080010c0   0x080010c0   0x00000056   Code   RO          151    .text.HAL_UART_Receive_IT  stm32f1xx_hal_uart.o
    0x08001116   0x08001116   0x00000002   PAD
    0x08001118   0x08001118   0x000000d0   Code   RO           38    .text.HAL_UART_RxCpltCallback  main.o
    0x080011e8   0x080011e8   0x000001a4   Code   RO          145    .text.HAL_UART_Transmit  stm32f1xx_hal_uart.o
    0x0800138c   0x0800138c   0x00000002   Code   RO          215    .text.HAL_UART_TxCpltCallback  stm32f1xx_hal_uart.o
    0x0800138e   0x0800138e   0x00000002   PAD
    0x08001390   0x08001390   0x00000002   Code   RO           81    .text.HardFault_Handler  stm32f1xx_it.o
    0x08001392   0x08001392   0x00000002   PAD
    0x08001394   0x08001394   0x00000086   Code   RO           52    .text.MX_GPIO_Init  gpio.o
    0x0800141a   0x0800141a   0x00000002   PAD
    0x0800141c   0x0800141c   0x0000003c   Code   RO           61    .text.MX_USART1_UART_Init  usart.o
    0x08001458   0x08001458   0x0000003c   Code   RO           63    .text.MX_USART3_UART_Init  usart.o
    0x08001494   0x08001494   0x00000002   Code   RO           83    .text.MemManage_Handler  stm32f1xx_it.o
    0x08001496   0x08001496   0x00000002   PAD
    0x08001498   0x08001498   0x00000002   Code   RO           79    .text.NMI_Handler   stm32f1xx_it.o
    0x0800149a   0x0800149a   0x00000002   PAD
    0x0800149c   0x0800149c   0x00000002   Code   RO           93    .text.PendSV_Handler  stm32f1xx_it.o
    0x0800149e   0x0800149e   0x00000002   PAD
    0x080014a0   0x080014a0   0x00000002   Code   RO           89    .text.SVC_Handler   stm32f1xx_it.o
    0x080014a2   0x080014a2   0x00000002   PAD
    0x080014a4   0x080014a4   0x00000004   Code   RO           95    .text.SysTick_Handler  stm32f1xx_it.o
    0x080014a8   0x080014a8   0x00000002   Code   RO          582    .text.SystemInit    system_stm32f1xx.o
    0x080014aa   0x080014aa   0x00000002   PAD
    0x080014ac   0x080014ac   0x0000000c   Code   RO          209    .text.UART_DMAAbortOnError  stm32f1xx_hal_uart.o
    0x080014b8   0x080014b8   0x000000b6   Code   RO          207    .text.UART_Receive_IT  stm32f1xx_hal_uart.o
    0x0800156e   0x0800156e   0x00000002   PAD
    0x08001570   0x08001570   0x0000000c   Code   RO           97    .text.USART3_IRQHandler  stm32f1xx_it.o
    0x0800157c   0x0800157c   0x00000002   Code   RO           87    .text.UsageFault_Handler  stm32f1xx_it.o
    0x0800157e   0x0800157e   0x00000002   PAD
    0x08001580   0x08001580   0x000000f4   Code   RO           13    .text.esp8266_send_cmd  my_esp8266.o
    0x08001674   0x08001674   0x000000d8   Code   RO           17    .text.esp8266_start_trans  my_esp8266.o
    0x0800174c   0x0800174c   0x00000122   Code   RO           32    .text.main          main.o
    0x0800186e   0x0800186e   0x0000000e   Code   RO          621    i.__scatterload_copy  mc_w.l(handlers.o)
    0x0800187c   0x0800187c   0x00000002   Code   RO          622    i.__scatterload_null  mc_w.l(handlers.o)
    0x0800187e   0x0800187e   0x0000000e   Code   RO          623    i.__scatterload_zeroinit  mc_w.l(handlers.o)
    0x0800188c   0x0800188c   0x00000002   Data   RO          338    .rodata..L__const.HAL_RCC_GetSysClockFreq.aPredivFactorTable  stm32f1xx_hal_rcc.o
    0x0800188e   0x0800188e   0x00000010   Data   RO          587    .rodata.AHBPrescTable  system_stm32f1xx.o
    0x0800189e   0x0800189e   0x00000008   Data   RO          588    .rodata.APBPrescTable  system_stm32f1xx.o
    0x080018a6   0x080018a6   0x00000010   Data   RO          337    .rodata.cst16       stm32f1xx_hal_rcc.o
    0x080018b6   0x080018b6   0x00000003   Data   RO           21    .rodata.str1.1      my_esp8266.o
    0x080018b9   0x080018b9   0x0000000b   Data   RO           40    .rodata.str1.1      main.o
    0x080018c4   0x080018c4   0x00000020   Data   RO          620    Region$$Table       anon$$obj.o


    Execution Region RW_IRAM1 (Exec base: 0x20000000, Load base: 0x080018e8, Size: 0x000005b0, Max: 0x00005000, ABSOLUTE)

    Exec Addr    Load Addr    Size         Type   Attr      Idx    E Section Name        Object

    0x20000000   0x080018e8   0x00000008   Data   RW          300    .data..L_MergedGlobals  stm32f1xx_hal.o
    0x20000008   0x080018f0   0x00000004   Data   RW          586    .data.SystemCoreClock  system_stm32f1xx.o
    0x2000000c   0x080018f4   0x00000004   PAD
    0x20000010        -       0x00000014   Zero   RW           43    .bss..L_MergedGlobals  main.o
    0x20000024        -       0x00000100   Zero   RW           41    .bss.RxBuffer       main.o
    0x20000124        -       0x00000044   Zero   RW           69    .bss.huart1         usart.o
    0x20000168        -       0x00000044   Zero   RW           70    .bss.huart3         usart.o
    0x200001ac        -       0x00000004   Zero   RW          299    .bss.uwTick         stm32f1xx_hal.o
    0x200001b0        -       0x00000400   Zero   RW            1    STACK               startup_stm32f103xb.o


==============================================================================

Image component sizes


      Code (inc. data)   RO Data    RW Data    ZI Data      Debug   Object Name

       134          0          0          0          0       1573   gpio.o
       508          0         11          0        276       6011   main.o
       460        108          3          0          0       3441   my_esp8266.o
        36          8        236          0       1024        784   startup_stm32f103xb.o
       188          0          0          8          4       5759   stm32f1xx_hal.o
       200          0          0          0          0       8517   stm32f1xx_hal_cortex.o
       240          0          0          0          0       8418   stm32f1xx_hal_dma.o
       548         22          0          0          0       4562   stm32f1xx_hal_gpio.o
        66          0          0          0          0       1213   stm32f1xx_hal_msp.o
      1470          0         18          0          0       7680   stm32f1xx_hal_rcc.o
      1568          0          0          0          0      23641   stm32f1xx_hal_uart.o
        32          0          0          0          0       3770   stm32f1xx_it.o
         2          0         24          4          0       1639   system_stm32f1xx.o
       378          0          0          0        136       5721   usart.o

    ----------------------------------------------------------------------
      5890        138        324         12       1444      82729   Object Totals
         0          0         32          0          0          0   (incl. Generated)
        60          0          0          0          4          0   (incl. Padding)

    ----------------------------------------------------------------------

      Code (inc. data)   RO Data    RW Data    ZI Data      Debug   Library Member Name

         0          0          0          0          0          0   entry.o
         0          0          0          0          0          0   entry10a.o
         0          0          0          0          0          0   entry11a.o
         8          4          0          0          0          0   entry2.o
         4          0          0          0          0          0   entry5.o
         0          0          0          0          0          0   entry7b.o
         0          0          0          0          0          0   entry8b.o
         8          4          0          0          0          0   entry9a.o
        30          0          0          0          0          0   handlers.o
        36          8          0          0          0         68   init.o
        36          0          0          0          0        108   memseta.o
        36          0          0          0          0         80   strstr.o

    ----------------------------------------------------------------------
       158         16          0          0          0        256   Library Totals
         0          0          0          0          0          0   (incl. Padding)

    ----------------------------------------------------------------------

      Code (inc. data)   RO Data    RW Data    ZI Data      Debug   Library Name

       158         16          0          0          0        256   mc_w.l

    ----------------------------------------------------------------------
       158         16          0          0          0        256   Library Totals

    ----------------------------------------------------------------------

==============================================================================


      Code (inc. data)   RO Data    RW Data    ZI Data      Debug   

      6048        154        324         12       1444      82845   Grand Totals
      6048        154        324         12       1444      82845   ELF Image Totals
      6048        154        324         12          0          0   ROM Totals

==============================================================================

    Total RO  Size (Code + RO Data)                 6372 (   6.22kB)
    Total RW  Size (RW Data + ZI Data)              1456 (   1.42kB)
    Total ROM Size (Code + RO Data + RW Data)       6384 (   6.23kB)

==============================================================================

