<html>
<body>
<pre>
<h1>µVision Build Log</h1>
<h2>Tool Versions:</h2>
IDE-Version: ¦ÌVision V5.38.0.0
Copyright (C) 2022 ARM Ltd and ARM Germany GmbH. All rights reserved.
License Information: a HP Inc., HP Inc., LIC=LSNXV-PZU72-SBVEJ-USKTW-GF98S-3WIY0
 
Tool Versions:
Toolchain:       MDK-ARM Plus  Version: 5.38.0.0
Toolchain Path:  E:\application\KEIL-ARM-C51\MDK\ARM\ARMCLANG\Bin
C Compiler:      ArmClang.exe V6.19
Assembler:       Armasm.exe V6.19
Linker/Locator:  ArmLink.exe V6.19
Library Manager: ArmAr.exe V6.19
Hex Converter:   FromElf.exe V6.19
CPU DLL:         SARMCM3.DLL V5.38.0.0
Dialog DLL:      DCM.DLL V1.17.5.0
Target DLL:      Segger\JL2CM3.dll V2.99.42.0
Dialog DLL:      TCM.DLL V1.56.4.0
 
<h2>Project:</h2>
H:\STM-Program\STM32C8T6\STM32_F1_1.44TFT\MDK-ARM\STM32_F1_1.44TFT.uvprojx
Project File Date:  02/02/2023

<h2>Output:</h2>
*** Using Compiler 'V6.19', folder: 'E:\application\KEIL-ARM-C51\MDK\ARM\ARMCLANG\Bin'
Rebuild target 'STM32_F1_1.44TFT'
compiling usart.c...
compiling gpio.c...
compiling lcd_init.c...
compiling main.c...
../Core/Src/lcd.c(3): warning: In file included from...
../Core/Inc\lcdfont.h(210): warning: illegal character encoding in string literal [-Winvalid-source-encoding]
"<D6><D0>",0x80,0x00,0x80,0x00,0x80,0x00,0x80,0x00,0xFC,0x1F,0x84,0x10,0x84,0x10,0x84,0x10,
 ^~~~~~~~
../Core/Inc\lcdfont.h(212): warning: illegal character encoding in string literal [-Winvalid-source-encoding]
"<BE><B0>",0xF8,0x0F,0x08,0x08,0xF8,0x0F,0x08,0x08,0xF8,0x0F,0x80,0x00,0xFF,0x7F,0x00,0x00,
 ^~~~~~~~
../Core/Inc\lcdfont.h(216): warning: illegal character encoding in string literal [-Winvalid-source-encoding]
"<B5><E7>",0x80,0x00,0x80,0x00,0x80,0x00,0xFC,0x1F,0x84,0x10,0x84,0x10,0x84,0x10,0xFC,0x1F,
 ^~~~~~~~
../Core/Inc\lcdfont.h(218): warning: illegal character encoding in string literal [-Winvalid-source-encoding]
"<D7><D3>",0x00,0x00,0xFE,0x1F,0x00,0x08,0x00,0x04,0x00,0x02,0x80,0x01,0x80,0x00,0xFF,0x7F,
 ^~~~~~~~
../Core/Inc\lcdfont.h(232): warning: illegal character encoding in string literal [-Winvalid-source-encoding]
"<D6><D0>",0x00,0x00,0x00,0x00,0x00,0x00,0x00,0x18,0x00,0x00,0x08,0x00,0x00,0x08,0x00,0x00,
 ^~~~~~~~
../Core/Inc\lcdfont.h(238): warning: illegal character encoding in string literal [-Winvalid-source-encoding]
"<BE><B0>",0x00,0x00,0x00,0x00,0x00,0x00,0x40,0x00,0x06,0xC0,0xFF,0x07,0x40,0x00,0x06,0xC0,
 ^~~~~~~~
../Core/Inc\lcdfont.h(250): warning: illegal character encoding in string literal [-Winvalid-source-encoding]
"<B5><E7>",0x00,0x00,0x00,0x00,0x00,0x00,0x00,0x18,0x00,0x00,0x08,0x00,0x00,0x08,0x00,0x00,
 ^~~~~~~~
../Core/Inc\lcdfont.h(256): warning: illegal character encoding in string literal [-Winvalid-source-encoding]
"<D7><D3>",0x00,0x00,0x00,0x00,0x00,0x00,0x00,0x00,0x04,0xF0,0xFF,0x0F,0x00,0x00,0x06,0x00,
 ^~~~~~~~
../Core/Inc\lcdfont.h(274): warning: illegal character encoding in string literal [-Winvalid-source-encoding]
"<D6><D0>",0x00,0x00,0x00,0x00,0x00,0x00,0x00,0x00,0x00,0x80,0x00,0x00,0x00,0x80,0x01,0x00,
 ^~~~~~~~
../Core/Inc\lcdfont.h(282): warning: illegal character encoding in string literal [-Winvalid-source-encoding]
"<BE><B0>",0x00,0x00,0x00,0x00,0x00,0x00,0x00,0x00,0x00,0x00,0x00,0x00,0x00,0x01,0x80,0x01,
 ^~~~~~~~
../Core/Inc\lcdfont.h(298): warning: illegal character encoding in string literal [-Winvalid-source-encoding]
"<B5><E7>",0x00,0x00,0x00,0x00,0x00,0x00,0x00,0x00,0x00,0xC0,0x00,0x00,0x00,0xC0,0x01,0x00,
 ^~~~~~~~
../Core/Inc\lcdfont.h(306): warning: illegal character encoding in string literal [-Winvalid-source-encoding]
"<D7><D3>",0x00,0x00,0x00,0x00,0x00,0x00,0x00,0x00,0x00,0x00,0x00,0x00,0x00,0x00,0x00,0x03,
 ^~~~~~~~
12 warnings generated.
compiling lcd.c...
compiling spi.c...
assembling startup_stm32f103xb.s...
compiling stm32f1xx_it.c...
compiling stm32f1xx_hal_gpio_ex.c...
compiling stm32f1xx_hal_msp.c...
compiling stm32f1xx_hal.c...
compiling stm32f1xx_hal_rcc_ex.c...
compiling stm32f1xx_hal_rcc.c...
compiling stm32f1xx_hal_gpio.c...
compiling stm32f1xx_hal_cortex.c...
compiling stm32f1xx_hal_dma.c...
compiling stm32f1xx_hal_pwr.c...
compiling stm32f1xx_hal_spi.c...
compiling stm32f1xx_hal_flash_ex.c...
compiling stm32f1xx_hal_flash.c...
compiling stm32f1xx_hal_tim.c...
compiling stm32f1xx_hal_tim_ex.c...
compiling stm32f1xx_hal_exti.c...
compiling system_stm32f1xx.c...
compiling stm32f1xx_hal_uart.c...
linking...
Program Size: Code=9228 RO-data=33080 RW-data=16 ZI-data=1184  
FromELF: creating hex file...
"STM32_F1_1.44TFT\STM32_F1_1.44TFT" - 0 Error(s), 12 Warning(s).

<h2>Software Packages used:</h2>

Package Vendor: ARM
                http://www.keil.com/pack/ARM.CMSIS.5.9.0.pack
                ARM.CMSIS.5.9.0
                CMSIS (Common Microcontroller Software Interface Standard)
   * Component: CORE Version: 5.6.0

Package Vendor: Keil
                http://www.keil.com/pack/Keil.STM32F1xx_DFP.2.4.0.pack
                Keil.STM32F1xx_DFP.2.4.0
                STMicroelectronics STM32F1 Series Device Support, Drivers and Examples

<h2>Collection of Component include folders:</h2>
  ./RTE/_STM32_F1_1.44TFT
  E:/application/KEIL-ARM-C51/PACK/ARM/CMSIS/5.9.0/CMSIS/Core/Include
  E:/application/KEIL-ARM-C51/PACK/Keil/STM32F1xx_DFP/2.4.0/Device/Include

<h2>Collection of Component Files used:</h2>

   * Component: ARM::CMSIS:CORE:5.6.0
      Include file:  CMSIS/Core/Include/tz_context.h
Build Time Elapsed:  00:00:16
</pre>
</body>
</html>
