<html>
<body>
<pre>
<h1>µVision Build Log</h1>
<h2>Tool Versions:</h2>
IDE-Version: ¦ÌVision V5.38.0.0
Copyright (C) 2022 ARM Ltd and ARM Germany GmbH. All rights reserved.
License Information: a HP Inc., HP Inc., LIC=LSNXV-PZU72-SBVEJ-USKTW-GF98S-3WIY0
 
Tool Versions:
Toolchain:       MDK-ARM Plus  Version: 5.38.0.0
Toolchain Path:  E:\application\KEIL-ARM-C51\MDK\ARM\ARMCLANG\Bin
C Compiler:      ArmClang.exe V6.19
Assembler:       Armasm.exe V6.19
Linker/Locator:  ArmLink.exe V6.19
Library Manager: ArmAr.exe V6.19
Hex Converter:   FromElf.exe V6.19
CPU DLL:         SARMCM3.DLL V5.38.0.0
Dialog DLL:      DCM.DLL V1.17.5.0
Target DLL:      Segger\JL2CM3.dll V2.99.42.0
Dialog DLL:      TCM.DLL V1.56.4.0
 
<h2>Project:</h2>
H:\STM-Program\AIR32F103CBT6\AIR103-AliCloud-sg90\AIR103-AliCloud-sg90\MDK-ARM\AIR103-AliCloud-sg90.uvprojx
Project File Date:  08/18/2023

<h2>Output:</h2>
*** Using Compiler 'V6.19', folder: 'E:\application\KEIL-ARM-C51\MDK\ARM\ARMCLANG\Bin'
Build target 'AIR103-AliCloud-sg90'
Note: source file '..\MyCode\uart_printf.c' - object file renamed from 'AIR103-AliCloud-sg90\uart_printf.o' to 'AIR103-AliCloud-sg90\uart_printf_1.o'.
compiling led.c...
linking...
Program Size: Code=8636 RO-data=312 RW-data=16 ZI-data=1320  
FromELF: creating hex file...
"AIR103-AliCloud-sg90\AIR103-AliCloud-sg90.axf" - 0 Error(s), 0 Warning(s).

<h2>Software Packages used:</h2>

Package Vendor: ARM
                http://www.keil.com/pack/ARM.CMSIS.5.9.0.pack
                ARM.CMSIS.5.9.0
                CMSIS (Common Microcontroller Software Interface Standard)
   * Component: CORE Version: 5.6.0

Package Vendor: Keil
                http://www.keil.com/pack/Keil.STM32F1xx_DFP.2.4.0.pack
                Keil.STM32F1xx_DFP.2.4.0
                STMicroelectronics STM32F1 Series Device Support, Drivers and Examples

<h2>Collection of Component include folders:</h2>
  ./RTE/_AIR103-AliCloud-sg90
  E:/application/KEIL-ARM-C51/PACK/ARM/CMSIS/5.9.0/CMSIS/Core/Include
  E:/application/KEIL-ARM-C51/PACK/Keil/STM32F1xx_DFP/2.4.0/Device/Include

<h2>Collection of Component Files used:</h2>

   * Component: ARM::CMSIS:CORE:5.6.0
      Include file:  CMSIS/Core/Include/tz_context.h
Build Time Elapsed:  00:00:03
</pre>
</body>
</html>
