<html>
<body>
<pre>
<h1>�Vision Build Log</h1>
<h2>Tool Versions:</h2>
IDE-Version: ��Vision V5.38.0.0
Copyright (C) 2022 ARM Ltd and ARM Germany GmbH. All rights reserved.
License Information: a HP Inc., HP Inc., LIC=LSNXV-PZU72-SBVEJ-USKTW-GF98S-3WIY0
 
Tool Versions:
Toolchain:       MDK-ARM Plus  Version: 5.38.0.0
Toolchain Path:  E:\application\KEIL-ARM-C51\MDK\ARM\ARMCLANG\Bin
C Compiler:      ArmClang.exe V6.19
Assembler:       Armasm.exe V6.19
Linker/Locator:  ArmLink.exe V6.19
Library Manager: ArmAr.exe V6.19
Hex Converter:   FromElf.exe V6.19
CPU DLL:         SARMCM3.DLL V5.38.0.0
Dialog DLL:      DCM.DLL V1.17.5.0
Target DLL:      Segger\JL2CM3.dll V2.99.42.0
Dialog DLL:      TCM.DLL V1.56.4.0
 
<h2>Project:</h2>
H:\STM-Program\STM32C8T6\STM32_F1_1.44TFT - 1\MDK-ARM\STM32_F1_1.44TFT.uvprojx
Project File Date:  02/08/2023

<h2>Output:</h2>
*** Using Compiler 'V6.19', folder: 'E:\application\KEIL-ARM-C51\MDK\ARM\ARMCLANG\Bin'
Build target 'STM32_F1_1.44TFT'
../Core/Src/main.c(76): warning: illegal character encoding in string literal [-Winvalid-source-encoding]
                LCD_ShowChinese(0,0,"<D6><D0><D7><D3>",RED,WHITE,24,0);
                                     ^~~~~~~~~~~~~~~~
../Core/Src/main.c(76): warning: passing 'char[5]' to parameter of type 'uint8_t *' (aka 'unsigned char *') converts between pointers to integer types where one is of the unique plain 'char' type and the other is not [-Wpointer-sign]
                LCD_ShowChinese(0,0,"<D6><D0><D7><D3>",RED,WHITE,24,0);
                                    ^~~~~~~~~~~~~~~~~~
../Core/Inc\lcd.h(14): note: passing argument to parameter 's' here
void LCD_ShowChinese(u16 x,u16 y,u8 *s,u16 fc,u16 bc,u8 sizey,u8 mode);//<CF><D4>ʾ<BA><BA><D7>ִ<AE>
                                     ^
../Core/Src/main.c(77): warning: passing 'char[7]' to parameter of type 'const uint8_t *' (aka 'const unsigned char *') converts between pointers to integer types where one is of the unique plain 'char' type and the other is not [-Wpointer-sign]
                LCD_ShowString(24,30,"LCD_W:",RED,WHITE,16,0);
                                     ^~~~~~~~
../Core/Inc\lcd.h(20): note: passing argument to parameter 'p' here
void LCD_ShowString(u16 x,u16 y,const u8 *p,u16 fc,u16 bc,u8 sizey,u8 mode);//<CF><D4>ʾ<D7>ַ<FB><B4><AE>
                                          ^
../Core/Src/main.c(79): warning: passing 'char[7]' to parameter of type 'const uint8_t *' (aka 'const unsigned char *') converts between pointers to integer types where one is of the unique plain 'char' type and the other is not [-Wpointer-sign]
                LCD_ShowString(24,50,"LCD_H:",RED,WHITE,16,0);
                                     ^~~~~~~~
../Core/Inc\lcd.h(20): note: passing argument to parameter 'p' here
void LCD_ShowString(u16 x,u16 y,const u8 *p,u16 fc,u16 bc,u8 sizey,u8 mode);//<CF><D4>ʾ<D7>ַ<FB><B4><AE>
                                          ^
4 warnings generated.
compiling main.c...
linking...
Program Size: Code=10320 RO-data=40712 RW-data=16 ZI-data=1320  
FromELF: creating hex file...
"STM32_F1_1.44TFT\STM32_F1_1.44TFT" - 0 Error(s), 4 Warning(s).

<h2>Software Packages used:</h2>

Package Vendor: ARM
                http://www.keil.com/pack/ARM.CMSIS.5.9.0.pack
                ARM.CMSIS.5.9.0
                CMSIS (Common Microcontroller Software Interface Standard)
   * Component: CORE Version: 5.6.0

Package Vendor: Keil
                http://www.keil.com/pack/Keil.STM32F1xx_DFP.2.4.0.pack
                Keil.STM32F1xx_DFP.2.4.0
                STMicroelectronics STM32F1 Series Device Support, Drivers and Examples

<h2>Collection of Component include folders:</h2>
  ./RTE/_STM32_F1_1.44TFT
  E:/application/KEIL-ARM-C51/PACK/ARM/CMSIS/5.9.0/CMSIS/Core/Include
  E:/application/KEIL-ARM-C51/PACK/Keil/STM32F1xx_DFP/2.4.0/Device/Include

<h2>Collection of Component Files used:</h2>

   * Component: ARM::CMSIS:CORE:5.6.0
      Include file:  CMSIS/Core/Include/tz_context.h
Build Time Elapsed:  00:00:02
</pre>
</body>
</html>
